Microchip Technology Inc, v1.26 (A)

Tool Name:
  c:\program files (x86)\microchip\xc16\v1.26\bin\bin\..\bin/elf-ld.exe

Command:
  -p24F16KA101 \
  -o \
  dist/default/debug/DamCommPIC.X.debug.elf \
  -Lc:/program files (x86)/microchip/xc16/v1.26/bin/bin/.. \
  -Lc:/program files (x86)/microchip/xc16/v1.26/bin/bin/../../lib \
  -Lc:/program files (x86)/microchip/xc16/v1.26/bin/bin/../../lib/PIC24E \
  -Lc:/program files (x86)/microchip/xc16/v1.26/bin/bin/../../support/PIC24E/gld \
  -Lc:/program files (x86)/microchip/xc16/v1.26/bin/bin/../../lib/PIC24F \
  -Lc:/program files (x86)/microchip/xc16/v1.26/bin/bin/../../support/PIC24F/gld \
  -Lc:/program files (x86)/microchip/xc16/v1.26/bin/bin/../../lib/PIC24H \
  -Lc:/program files (x86)/microchip/xc16/v1.26/bin/bin/../../support/PIC24H/gld \
  -Lc:/program files (x86)/microchip/xc16/v1.26/bin/bin/../../lib/dsPIC30F \
  -Lc:/program files (x86)/microchip/xc16/v1.26/bin/bin/../../support/dsPIC30F/gld \
  -Lc:/program files (x86)/microchip/xc16/v1.26/bin/bin/../../lib/dsPIC33E \
  -Lc:/program files (x86)/microchip/xc16/v1.26/bin/bin/../../support/dsPIC33E/gld \
  -Lc:/program files (x86)/microchip/xc16/v1.26/bin/bin/../../lib/dsPIC33F \
  -Lc:/program files (x86)/microchip/xc16/v1.26/bin/bin/../../support/dsPIC33F/gld \
  build/default/debug/main.o \
  build/default/debug/UART.o \
  build/default/debug/GPS.o \
  build/default/debug/UVsensor.o \
  build/default/debug/TPsensor.o \
  build/default/debug/PiComm.o \
  -TC:\\Users\\John\\AppData\\Local\\Temp\\tmp00002124.00 \
  -TC:\\Users\\John\\AppData\\Local\\Temp\\tmp00002124.01 \
  -TC:\\Users\\John\\AppData\\Local\\Temp\\tmp00002124.02 \
  -TC:\\Users\\John\\AppData\\Local\\Temp\\tmp00002124.03 \
  -TC:\\Users\\John\\AppData\\Local\\Temp\\tmp00002124.04 \
  --defsym=__MPLAB_BUILD=1 \
  --defsym=__MPLAB_DEBUG=1 \
  --defsym=__DEBUG=1 \
  --defsym=__MPLAB_DEBUGGER_PK3=1 \
  -Tp24F16KA101.gld.05 \
  --stack=16 \
  --check-sections \
  --data-init \
  --pack-data \
  --handles \
  --isr \
  --no-gc-sections \
  --fill-upper=0 \
  --stackguard=16 \
  --no-force-link \
  --smart-io \
  -Map=dist/default/debug/DamCommPIC.X.debug.map \
  --report-mem \
  --memorysummary \
  dist/default/debug/memoryfile.xml \
  -start-group \
  --library=lega-pic30-elf \
  --library=m-elf \
  --library=lega-c-elf \
  -end-group \

Archive member included because of file (symbol)

c:/program files (x86)/microchip/xc16/v1.26/bin/bin/../../lib\liblega-pic30-elf.a(crt0_standard.o)
                              (__resetPRI)
c:/program files (x86)/microchip/xc16/v1.26/bin/bin/../../lib\liblega-pic30-elf.a(data_init_standard.o)
                              c:/program files (x86)/microchip/xc16/v1.26/bin/bin/../../lib\liblega-pic30-elf.a(crt0_standard.o) (__data_init_standard)
c:/program files (x86)/microchip/xc16/v1.26/bin/bin/../../lib\liblega-pic30-elf.a(delay32.Leo)
                              build/default/debug/GPS.o (___delay32)
c:/program files (x86)/microchip/xc16/v1.26/bin/bin/../../lib\libm-elf.a(divsf3.eo)
                              build/default/debug/UVsensor.o (___divsf3)
c:/program files (x86)/microchip/xc16/v1.26/bin/bin/../../lib\libm-elf.a(divsi3.eo)
                              build/default/debug/TPsensor.o (___divsi3)
c:/program files (x86)/microchip/xc16/v1.26/bin/bin/../../lib\libm-elf.a(fixsfsi.eo)
                              build/default/debug/UVsensor.o (_(float, int, long long, short, float, short, int))
c:/program files (x86)/microchip/xc16/v1.26/bin/bin/../../lib\libm-elf.a(floatsisf.eo)
                              build/default/debug/UVsensor.o (___floatsisf)
c:/program files (x86)/microchip/xc16/v1.26/bin/bin/../../lib\libm-elf.a(fpack.eo)
                              c:/program files (x86)/microchip/xc16/v1.26/bin/bin/../../lib\libm-elf.a(divsf3.eo) (__fpack)
c:/program files (x86)/microchip/xc16/v1.26/bin/bin/../../lib\libm-elf.a(funpack.eo)
                              c:/program files (x86)/microchip/xc16/v1.26/bin/bin/../../lib\libm-elf.a(fixsfsi.eo) (__funpack)
c:/program files (x86)/microchip/xc16/v1.26/bin/bin/../../lib\libm-elf.a(funpack2.eo)
                              c:/program files (x86)/microchip/xc16/v1.26/bin/bin/../../lib\libm-elf.a(divsf3.eo) (__funpack2)
c:/program files (x86)/microchip/xc16/v1.26/bin/bin/../../lib\libm-elf.a(futil.eo)
                              c:/program files (x86)/microchip/xc16/v1.26/bin/bin/../../lib\libm-elf.a(divsf3.eo) (__fPropagateNaN)
c:/program files (x86)/microchip/xc16/v1.26/bin/bin/../../lib\libm-elf.a(mulsf3.eo)
                              build/default/debug/UVsensor.o (___mulsf3)
c:/program files (x86)/microchip/xc16/v1.26/bin/bin/../../lib\libm-elf.a(udivsi3.eo)
                              build/default/debug/UART.o (___udivsi3)
c:/program files (x86)/microchip/xc16/v1.26/bin/bin/../../lib\libm-elf.a(floatdisf.eo)
                              c:/program files (x86)/microchip/xc16/v1.26/bin/bin/../../lib\libm-elf.a(floatsisf.eo) (___floatdisf)
c:/program files (x86)/microchip/xc16/v1.26/bin/bin/../../lib\libm-elf.a(floatundisf.eo)
                              c:/program files (x86)/microchip/xc16/v1.26/bin/bin/../../lib\libm-elf.a(floatdisf.eo) (___floatundisf)
c:/program files (x86)/microchip/xc16/v1.26/bin/bin/../../lib\liblega-c-elf.a(xstoul.XXeo)
                              build/default/debug/PiComm.o (__Stoul)
c:/program files (x86)/microchip/xc16/v1.26/bin/bin/../../lib\liblega-c-elf.a(isspace.XXelso)
                              c:/program files (x86)/microchip/xc16/v1.26/bin/bin/../../lib\liblega-c-elf.a(xstoul.XXeo) (_isspace)
c:/program files (x86)/microchip/xc16/v1.26/bin/bin/../../lib\liblega-c-elf.a(tolower.XXelso)
                              c:/program files (x86)/microchip/xc16/v1.26/bin/bin/../../lib\liblega-c-elf.a(xstoul.XXeo) (_tolower)
c:/program files (x86)/microchip/xc16/v1.26/bin/bin/../../lib\liblega-c-elf.a(errno.XXelo)
                              c:/program files (x86)/microchip/xc16/v1.26/bin/bin/../../lib\liblega-c-elf.a(xstoul.XXeo) (_errno)
c:/program files (x86)/microchip/xc16/v1.26/bin/bin/../../lib\liblega-c-elf.a(sprintf_cdnopuxX.XXeo)
                              build/default/debug/TPsensor.o (__sprintf_cdnopuxX)
c:/program files (x86)/microchip/xc16/v1.26/bin/bin/../../lib\liblega-c-elf.a(xprintf_cdnopuxX.XXeo)
                              c:/program files (x86)/microchip/xc16/v1.26/bin/bin/../../lib\liblega-c-elf.a(sprintf_cdnopuxX.XXeo) (___Printf_cdnopuxX)
c:/program files (x86)/microchip/xc16/v1.26/bin/bin/../../lib\liblega-c-elf.a(xputfld_cdnopuxX.XXeo)
                              c:/program files (x86)/microchip/xc16/v1.26/bin/bin/../../lib\liblega-c-elf.a(xprintf_cdnopuxX.XXeo) (___Putfld_cdnopuxX)
c:/program files (x86)/microchip/xc16/v1.26/bin/bin/../../lib\liblega-c-elf.a(sprintf_cdnopsuxX.XXeo)
                              build/default/debug/UVsensor.o (__sprintf_cdnopsuxX)
c:/program files (x86)/microchip/xc16/v1.26/bin/bin/../../lib\liblega-c-elf.a(xprintf_cdnopsuxX.XXeo)
                              c:/program files (x86)/microchip/xc16/v1.26/bin/bin/../../lib\liblega-c-elf.a(sprintf_cdnopsuxX.XXeo) (___Printf_cdnopsuxX)
c:/program files (x86)/microchip/xc16/v1.26/bin/bin/../../lib\liblega-c-elf.a(xputfld_cdnopsuxX.XXeo)
                              c:/program files (x86)/microchip/xc16/v1.26/bin/bin/../../lib\liblega-c-elf.a(xprintf_cdnopsuxX.XXeo) (___Putfld_cdnopsuxX)
c:/program files (x86)/microchip/xc16/v1.26/bin/bin/../../lib\liblega-c-elf.a(sprintf_s.XXeo)
                              build/default/debug/GPS.o (__sprintf_s)
c:/program files (x86)/microchip/xc16/v1.26/bin/bin/../../lib\liblega-c-elf.a(xprintf_s.XXeo)
                              c:/program files (x86)/microchip/xc16/v1.26/bin/bin/../../lib\liblega-c-elf.a(sprintf_s.XXeo) (___Printf_s)
c:/program files (x86)/microchip/xc16/v1.26/bin/bin/../../lib\liblega-c-elf.a(xputfld_s.XXeo)
                              c:/program files (x86)/microchip/xc16/v1.26/bin/bin/../../lib\liblega-c-elf.a(xprintf_s.XXeo) (___Putfld_s)
c:/program files (x86)/microchip/xc16/v1.26/bin/bin/../../lib\liblega-c-elf.a(memchr.XXeo)
                              c:/program files (x86)/microchip/xc16/v1.26/bin/bin/../../lib\liblega-c-elf.a(xstoul.XXeo) (_memchr)
c:/program files (x86)/microchip/xc16/v1.26/bin/bin/../../lib\liblega-c-elf.a(memcpy.XXeo)
                              c:/program files (x86)/microchip/xc16/v1.26/bin/bin/../../lib\liblega-c-elf.a(sprintf_cdnopuxX.XXeo) (_memcpy)
c:/program files (x86)/microchip/xc16/v1.26/bin/bin/../../lib\liblega-c-elf.a(strchr.XXeo)
                              c:/program files (x86)/microchip/xc16/v1.26/bin/bin/../../lib\liblega-c-elf.a(xprintf_cdnopuxX.XXeo) (_strchr)
c:/program files (x86)/microchip/xc16/v1.26/bin/bin/../../lib\liblega-c-elf.a(strlen.XXeo)
                              c:/program files (x86)/microchip/xc16/v1.26/bin/bin/../../lib\liblega-c-elf.a(xputfld_cdnopsuxX.XXeo) (_strlen)
c:/program files (x86)/microchip/xc16/v1.26/bin/bin/../../lib\liblega-c-elf.a(xlitob.XXeo)
                              c:/program files (x86)/microchip/xc16/v1.26/bin/bin/../../lib\liblega-c-elf.a(xputfld_cdnopuxX.XXeo) (__Litob)
c:/program files (x86)/microchip/xc16/v1.26/bin/bin/../../lib\liblega-c-elf.a(xputtxt.XXeo)
                              c:/program files (x86)/microchip/xc16/v1.26/bin/bin/../../lib\liblega-c-elf.a(xprintf_cdnopuxX.XXeo) (__Puttxt)
c:/program files (x86)/microchip/xc16/v1.26/bin/bin/../../lib\liblega-c-elf.a(xvacopy.XXeo)
                              c:/program files (x86)/microchip/xc16/v1.26/bin/bin/../../lib\liblega-c-elf.a(xprintf_cdnopuxX.XXeo) (__Vacopy)
c:/program files (x86)/microchip/xc16/v1.26/bin/bin/../../lib\libm-elf.a(umodsi3.eo)
                              c:/program files (x86)/microchip/xc16/v1.26/bin/bin/../../lib\liblega-c-elf.a(xlitob.XXeo) (___umodsi3)
c:/program files (x86)/microchip/xc16/v1.26/bin/bin/../../lib\libm-elf.a(mulsi3.eo)
                              c:/program files (x86)/microchip/xc16/v1.26/bin/bin/../../lib\liblega-c-elf.a(xstoul.XXeo) (___mulsi3)
c:/program files (x86)/microchip/xc16/v1.26/bin/bin/../../lib\libm-elf.a(divmoddi3.eo)
                              c:/program files (x86)/microchip/xc16/v1.26/bin/bin/../../lib\liblega-c-elf.a(xlitob.XXeo) (___udivdi3)


Selected CodeGuard Options:
  FGS:GWRP:OFF
  FGS:GCP:OFF
  FBS:BWRP:OFF
  FBS:BSS:OFF

CodeGuard FLASH Memory:
  boot    (none)
  secure  (none)
  general 0x200 to 0x2bfe

CodeGuard RAM Memory:
  general 0x800 to 0xdff
  secure  (none)
  boot    (none)

CodeGuard EEPROM Memory:
  general 0x7ffe00 to 0x7fffff
  secure  (none)
  boot    (none)


xc16-ld 1.26 (A)

Program Memory  [Origin = 0x200, Length = 0x2a00]

section                    address   length (PC units)   length (bytes) (dec)
-------                    -------   -----------------   --------------------
.text                        0x200               0xec0          0x1620  (5664)
.const                      0x10c0                0xa0            0xf0  (240)
.text                       0x1160               0x8ca           0xd2f  (3375)
.dinit                      0x1a2a                0x76            0xb1  (177)
.text                       0x1aa0               0x12a           0x1bf  (447)
.init.delay32               0x1bca                0x1c            0x2a  (42)
.shared.dinit               0x1be6                 0x2             0x3  (3)

                 Total program memory used (bytes):         0x26dc  (9948) 61%


Data Memory  [Origin = 0x800, Length = 0x600]

section                    address      alignment gaps    total length  (dec)
-------                    -------      --------------    -------------------
reserve_data_0x800           0x800                0x20            0x20  (32)
reserve_data_0x820           0x820                 0x2             0x2  (2)
reserve_data_0x822           0x822                 0x2             0x2  (2)
reserve_data_0x824           0x824                 0x2             0x2  (2)
reserve_data_0x826           0x826                0x2a            0x2a  (42)
.data                        0x850                   0            0x86  (134)
.bss                         0x8d6                   0             0x4  (4)

                 Total data memory used (bytes):           0xda  (218) 14%


Dynamic Memory Usage

region                     address                      maximum length  (dec)
------                     -------                      ---------------------
heap                             0                                   0  (0)
stack                        0x8da                               0x526  (1318)

                 Maximum dynamic memory (bytes):          0x526  (1318)


External Symbols in Data Memory (by address):

                    0x08d6                  _errno
                    0x08d8                  __Tls_setup_errno

External Symbols in Data Memory (by name):

                    0x08d8                  __Tls_setup_errno
                    0x08d6                  _errno

External Symbols in Program Memory (by address):

                  0x000200                  __resetPRI
                  0x00022c                  __psv_init
                  0x00023c                  __data_init
                  0x00023c                  __data_init_standard
                  0x0002ac                  __DefaultInterrupt
                  0x0002b0                  ___divsf3
                  0x000334                  ___divsi3
                  0x000352                  ___fixsfsi
                  0x000394                  ___floatsisf
                  0x00039a                  __fpack
                  0x0003e6                  __funpack
                  0x000410                  __funpack2
                  0x000420                  __fPropagateNaN
                  0x000432                  __fbopExit
                  0x00043a                  __fbopReturnNaN
                  0x000440                  ___mulsf3
                  0x0004a8                  ___udivsi3
                  0x0004c8                  ___floatdisf
                  0x0004e8                  ___floatundisf
                  0x000546                  __Stoul
                  0x00067a                  _isspace
                  0x00068a                  _tolower
                  0x000698                  __Geterrno
                  0x0006a4                  sprintf_cdnopsuxX.XXeo:_prout
                  0x0006b2                  __sprintf_0
                  0x0006b2                  __sprintf_cdnopuxX
                  0x0006b2                  __sprintf_s
                  0x0006b2                  __sprintf_cdnopsuxX
                  0x0006d0                  ___Printf_cdnopuxX
                  0x0006d0                  ___Printf_s
                  0x0006d0                  ___Printf_cdnopsuxX
                  0x000834                  ___Putfld_s
                  0x000834                  ___Putfld_cdnopuxX
                  0x000834                  ___Putfld_cdnopsuxX
                  0x000a8a                  _memchr
                  0x000a9e                  _memcpy
                  0x000aac                  _strchr
                  0x000ac4                  _strlen
                  0x000ad0                  __Litob
                  0x000d2e                  __Puttxt
                  0x000ea6                  __Vacopy
                  0x000eaa                  ___umodsi3
                  0x000eb0                  ___mulsi3
                  0x000eb0                  ___mulp32peds3
                  0x000eb0                  ___mulp32eds3
                  0x000f08                  ___udivmoddi3
                  0x000fee                  ___udivdi3
                  0x000ffc                  ___umoddi3
                  0x001004                  ___divdi3
                  0x001064                  ___moddi3
                  0x001160                  _init_I2C
                  0x001178                  _restart_I2C
                  0x0011a6                  _start_I2C
                  0x0011dc                  _reset_I2C
                  0x001212                  _sendByte_I2C
                  0x001272                  _read_I2C
                  0x0012a0                  _read_ack_I2C
                  0x0012d6                  _poll_I2C
                  0x0012f0                  _readSCast
                  0x001308                  _readCast
                  0x00131a                  _readS16
                  0x001330                  _read16
                  0x001374                  _getTemp
                  0x0013fa                  _getPressure
                  0x0016d8                  _getUT
                  0x0016fc                  _getUP
                  0x001720                  _readCoefficients
                  0x001792                  _readSUP16
                  0x0017a8                  _readUP16
                  0x001802                  _getTempString
                  0x001830                  _getPressString
                  0x00185c                  _main
                  0x001948                  _init_osc
                  0x001958                  _UART1_init
                  0x001978                  _UART2_init
                  0x001998                  _UART1_PutChar
                  0x0019b0                  _UART2_PutChar
                  0x0019c8                  _UART1_GetChar
                  0x0019ea                  _UART2_GetChar
                  0x001a0c                  _sendArray
                  0x001aa0                  _AD_Init
                  0x001aba                  _getUVindex
                  0x001b10                  _GPS_init
                  0x001b20                  _getGPSsentence
                  0x001b5a                  _sendCommand
                  0x001b78                  _sendPiCommand
                  0x001b96                  _getPiCommand
                  0x001bca                  ___delay32
                  0xf80000                  __FBS.sec
                  0xf80004                  __FGS.sec

External Symbols in Program Memory (by name):

                  0x001aa0                  _AD_Init
                  0x001b10                  _GPS_init
                  0x0019c8                  _UART1_GetChar
                  0x001998                  _UART1_PutChar
                  0x001958                  _UART1_init
                  0x0019ea                  _UART2_GetChar
                  0x0019b0                  _UART2_PutChar
                  0x001978                  _UART2_init
                  0x0002ac                  __DefaultInterrupt
                  0xf80000                  __FBS.sec
                  0xf80004                  __FGS.sec
                  0x000698                  __Geterrno
                  0x000ad0                  __Litob
                  0x000d2e                  __Puttxt
                  0x000546                  __Stoul
                  0x000ea6                  __Vacopy
                  0x0006d0                  ___Printf_cdnopsuxX
                  0x0006d0                  ___Printf_cdnopuxX
                  0x0006d0                  ___Printf_s
                  0x000834                  ___Putfld_cdnopsuxX
                  0x000834                  ___Putfld_cdnopuxX
                  0x000834                  ___Putfld_s
                  0x001bca                  ___delay32
                  0x001004                  ___divdi3
                  0x0002b0                  ___divsf3
                  0x000334                  ___divsi3
                  0x000352                  ___fixsfsi
                  0x0004c8                  ___floatdisf
                  0x000394                  ___floatsisf
                  0x0004e8                  ___floatundisf
                  0x001064                  ___moddi3
                  0x000eb0                  ___mulp32eds3
                  0x000eb0                  ___mulp32peds3
                  0x000440                  ___mulsf3
                  0x000eb0                  ___mulsi3
                  0x000fee                  ___udivdi3
                  0x000f08                  ___udivmoddi3
                  0x0004a8                  ___udivsi3
                  0x000ffc                  ___umoddi3
                  0x000eaa                  ___umodsi3
                  0x00023c                  __data_init
                  0x00023c                  __data_init_standard
                  0x000420                  __fPropagateNaN
                  0x000432                  __fbopExit
                  0x00043a                  __fbopReturnNaN
                  0x00039a                  __fpack
                  0x0003e6                  __funpack
                  0x000410                  __funpack2
                  0x00022c                  __psv_init
                  0x000200                  __resetPRI
                  0x0006b2                  __sprintf_0
                  0x0006b2                  __sprintf_cdnopsuxX
                  0x0006b2                  __sprintf_cdnopuxX
                  0x0006b2                  __sprintf_s
                  0x001b20                  _getGPSsentence
                  0x001b96                  _getPiCommand
                  0x001830                  _getPressString
                  0x0013fa                  _getPressure
                  0x001374                  _getTemp
                  0x001802                  _getTempString
                  0x0016fc                  _getUP
                  0x0016d8                  _getUT
                  0x001aba                  _getUVindex
                  0x001160                  _init_I2C
                  0x001948                  _init_osc
                  0x00067a                  _isspace
                  0x00185c                  _main
                  0x000a8a                  _memchr
                  0x000a9e                  _memcpy
                  0x0012d6                  _poll_I2C
                  0x001330                  _read16
                  0x001308                  _readCast
                  0x001720                  _readCoefficients
                  0x00131a                  _readS16
                  0x0012f0                  _readSCast
                  0x001792                  _readSUP16
                  0x0017a8                  _readUP16
                  0x001272                  _read_I2C
                  0x0012a0                  _read_ack_I2C
                  0x0011dc                  _reset_I2C
                  0x001178                  _restart_I2C
                  0x001a0c                  _sendArray
                  0x001212                  _sendByte_I2C
                  0x001b5a                  _sendCommand
                  0x001b78                  _sendPiCommand
                  0x0011a6                  _start_I2C
                  0x000aac                  _strchr
                  0x000ac4                  _strlen
                  0x00068a                  _tolower
                  0x0006a4                  sprintf_cdnopsuxX.XXeo:_prout

Memory Configuration

Name             Origin             Length             Attributes
data             0x000800           0x000600           a !xr
reset            0x000000           0x000004  
ivt              0x000004           0x0000fc  
_reserved        0x000100           0x000004  
aivt             0x000104           0x0000fc  
program          0x000200           0x002a00           xr
eedata           0x7ffe00           0x000200  
FBS              0xf80000           0x000002  
FGS              0xf80004           0x000002  
FOSCSEL          0xf80006           0x000002  
FOSC             0xf80008           0x000002  
FWDT             0xf8000a           0x000002  
FPOR             0xf8000c           0x000002  
FICD             0xf8000e           0x000002  
FDS              0xf80010           0x000002  
*default*        0x000000           0xffffffff  

Linker script and memory map

LOAD build/default/debug/main.o
LOAD build/default/debug/UART.o
LOAD build/default/debug/GPS.o
LOAD build/default/debug/UVsensor.o
LOAD build/default/debug/TPsensor.o
LOAD build/default/debug/PiComm.o

reserve_data_0x800
                    0x0800         0x20
                    0x0820                  . = 0x20
 *fill*             0x0800         0x2000

reserve_data_0x820
                    0x0820          0x2
                    0x0822                  . = 0x2
 *fill*             0x0820          0x200

reserve_data_0x822
                    0x0822          0x2
                    0x0824                  . = 0x2
 *fill*             0x0822          0x200

reserve_data_0x824
                    0x0824          0x2
                    0x0826                  . = 0x2
 *fill*             0x0824          0x200

reserve_data_0x826
                    0x0826         0x2a
                    0x0850                  . = 0x2a
 *fill*             0x0826         0x2a00
                    0x0001                  __MPLAB_BUILD = 0x1
                    0x0001                  __MPLAB_DEBUG = 0x1
                    0x0001                  __DEBUG = 0x1
                    0x0001                  __MPLAB_DEBUGGER_PK3 = 0x1
LOAD c:/program files (x86)/microchip/xc16/v1.26/bin/bin/../../lib/PIC24F\libpPIC24Fxxx-elf.a
LOAD c:/program files (x86)/microchip/xc16/v1.26/bin/bin/../../lib\libfx-elf.a
                    0xf80000                  __FBS = 0xf80000
                    0xf80004                  __FGS = 0xf80004
                    0xf80006                  __FOSCSEL = 0xf80006
                    0xf80008                  __FOSC = 0xf80008
                    0xf8000a                  __FWDT = 0xf8000a
                    0xf8000c                  __FPOR = 0xf8000c
                    0xf8000e                  __FICD = 0xf8000e
                    0xf80010                  __FDS = 0xf80010
                    0x0001                  __NO_HANDLES = 0x1
                    0x0200                  __CODE_BASE = 0x200
                    0x2a00                  __CODE_LENGTH = 0x2a00
                    0x0004                  __IVT_BASE = 0x4
                    0x0104                  __AIVT_BASE = 0x104
                    0x0800                  __DATA_BASE = 0x800
                    0x0600                  __DATA_LENGTH = 0x600

.reset            0x000000          0x4
                  0x000000          0x2 SHORT 0x200 ABSOLUTE (__reset)
                  0x000001          0x2 SHORT 0x4
                  0x000002          0x2 SHORT 0x0 ((ABSOLUTE (__reset) >> 0x10) & 0x7f)
                  0x000003          0x2 SHORT 0x0

.text             0x000200        0xec0
 *(.init)
 .init            0x000200         0x3c c:/program files (x86)/microchip/xc16/v1.26/bin/bin/../../lib\liblega-pic30-elf.a(crt0_standard.o)
                  0x000200                  __resetPRI
                  0x000200                  __reset
                  0x00022c                  __psv_init
 .init            0x00023c         0x6c c:/program files (x86)/microchip/xc16/v1.26/bin/bin/../../lib\liblega-pic30-elf.a(data_init_standard.o)
                  0x00023c                  __data_init_standard
                  0x00023c                  __data_init
 *(.user_init)
 *(.handle)
 *(.isr*)
 .isr             0x0002ac          0x4 default_isr
                  0x0002ac                  __DefaultInterrupt
 *(.libc)
 *(.libm)
 *(.libdsp)
 *(.lib*)
 .libm.divfs3     0x0002b0         0x84 c:/program files (x86)/microchip/xc16/v1.26/bin/bin/../../lib\libm-elf.a(divsf3.eo)
                  0x0002b0                  ___divsf3
 .libm.divsi3     0x000334         0x1e c:/program files (x86)/microchip/xc16/v1.26/bin/bin/../../lib\libm-elf.a(divsi3.eo)
                  0x000334                  ___divsi3
 .libm.fixsfsi    0x000352         0x42 c:/program files (x86)/microchip/xc16/v1.26/bin/bin/../../lib\libm-elf.a(fixsfsi.eo)
                  0x000352                  _(float, int, long long, short, float, short, int)
 .libm.floatsisf
                  0x000394          0x6 c:/program files (x86)/microchip/xc16/v1.26/bin/bin/../../lib\libm-elf.a(floatsisf.eo)
                  0x000394                  ___floatsisf
 .libm.fpack      0x00039a         0x4c c:/program files (x86)/microchip/xc16/v1.26/bin/bin/../../lib\libm-elf.a(fpack.eo)
                  0x00039a                  __fpack
 .libm.funpack    0x0003e6         0x2a c:/program files (x86)/microchip/xc16/v1.26/bin/bin/../../lib\libm-elf.a(funpack.eo)
                  0x0003e6                  __funpack
 .libm.funpack2
                  0x000410         0x10 c:/program files (x86)/microchip/xc16/v1.26/bin/bin/../../lib\libm-elf.a(funpack2.eo)
                  0x000410                  __funpack2
 .libm.fPropagateNaN
                  0x000420         0x12 c:/program files (x86)/microchip/xc16/v1.26/bin/bin/../../lib\libm-elf.a(futil.eo)
                  0x000420                  __fPropagateNaN
 .libm.fbobExit
                  0x000432          0x8 c:/program files (x86)/microchip/xc16/v1.26/bin/bin/../../lib\libm-elf.a(futil.eo)
                  0x000432                  __fbopExit
 .libm.fbopReturnNaN
                  0x00043a          0x6 c:/program files (x86)/microchip/xc16/v1.26/bin/bin/../../lib\libm-elf.a(futil.eo)
                  0x00043a                  __fbopReturnNaN
 .libm.mulsf3     0x000440         0x68 c:/program files (x86)/microchip/xc16/v1.26/bin/bin/../../lib\libm-elf.a(mulsf3.eo)
                  0x000440                  ___mulsf3
 .libm.udivsi3    0x0004a8         0x20 c:/program files (x86)/microchip/xc16/v1.26/bin/bin/../../lib\libm-elf.a(udivsi3.eo)
                  0x0004a8                  ___udivsi3
 .libm.floatdisf
                  0x0004c8         0x20 c:/program files (x86)/microchip/xc16/v1.26/bin/bin/../../lib\libm-elf.a(floatdisf.eo)
                  0x0004c8                  ___floatdisf
 .libm.floatundisf
                  0x0004e8         0x5e c:/program files (x86)/microchip/xc16/v1.26/bin/bin/../../lib\libm-elf.a(floatundisf.eo)
                  0x0004e8                  ___floatundisf
 .libc._Stoul     0x000546        0x134 c:/program files (x86)/microchip/xc16/v1.26/bin/bin/../../lib\liblega-c-elf.a(xstoul.XXeo)
                  0x000546                  __Stoul
 .libc.isspace    0x00067a         0x10 c:/program files (x86)/microchip/xc16/v1.26/bin/bin/../../lib\liblega-c-elf.a(isspace.XXelso)
                  0x00067a                  _isspace
 .libc.tolower    0x00068a          0xe c:/program files (x86)/microchip/xc16/v1.26/bin/bin/../../lib\liblega-c-elf.a(tolower.XXelso)
                  0x00068a                  _tolower
 .libc._Geterrno
                  0x000698          0xc c:/program files (x86)/microchip/xc16/v1.26/bin/bin/../../lib\liblega-c-elf.a(errno.XXelo)
                  0x000698                  __Geterrno
 .libc.prout      0x0006a4          0xe c:/program files (x86)/microchip/xc16/v1.26/bin/bin/../../lib\liblega-c-elf.a(sprintf_cdnopsuxX.XXeo)
                  0x0006a4                  sprintf_cdnopsuxX.XXeo:_prout
 .libc._sprintf_cdnopsuxX
                  0x0006b2         0x1e c:/program files (x86)/microchip/xc16/v1.26/bin/bin/../../lib\liblega-c-elf.a(sprintf_cdnopsuxX.XXeo)
                  0x0006b2                  __sprintf_0
                  0x0006b2                  __sprintf_s
                  0x0006b2                  __sprintf_cdnopuxX
                  0x0006b2                  __sprintf_cdnopsuxX
 .libc.__Printf_cdnopsuxX
                  0x0006d0        0x164 c:/program files (x86)/microchip/xc16/v1.26/bin/bin/../../lib\liblega-c-elf.a(xprintf_cdnopsuxX.XXeo)
                  0x0006d0                  ___Printf_s
                  0x0006d0                  ___Printf_cdnopuxX
                  0x0006d0                  ___Printf_cdnopsuxX
 .libc.__Putfld_cdnopsuxX
                  0x000834        0x256 c:/program files (x86)/microchip/xc16/v1.26/bin/bin/../../lib\liblega-c-elf.a(xputfld_cdnopsuxX.XXeo)
                  0x000834                  ___Putfld_cdnopuxX
                  0x000834                  ___Putfld_cdnopsuxX
                  0x000834                  ___Putfld_s
 .libc.memchr     0x000a8a         0x14 c:/program files (x86)/microchip/xc16/v1.26/bin/bin/../../lib\liblega-c-elf.a(memchr.XXeo)
                  0x000a8a                  _memchr
 .libc.memcpy     0x000a9e          0xe c:/program files (x86)/microchip/xc16/v1.26/bin/bin/../../lib\liblega-c-elf.a(memcpy.XXeo)
                  0x000a9e                  _memcpy
 .libc.strchr     0x000aac         0x18 c:/program files (x86)/microchip/xc16/v1.26/bin/bin/../../lib\liblega-c-elf.a(strchr.XXeo)
                  0x000aac                  _strchr
 .libc.strlen     0x000ac4          0xc c:/program files (x86)/microchip/xc16/v1.26/bin/bin/../../lib\liblega-c-elf.a(strlen.XXeo)
                  0x000ac4                  _strlen
 .libc._Litob     0x000ad0        0x25e c:/program files (x86)/microchip/xc16/v1.26/bin/bin/../../lib\liblega-c-elf.a(xlitob.XXeo)
                  0x000ad0                  __Litob
 .libc._Puttxt    0x000d2e        0x178 c:/program files (x86)/microchip/xc16/v1.26/bin/bin/../../lib\liblega-c-elf.a(xputtxt.XXeo)
                  0x000d2e                  __Puttxt
 .libc._Vacopy    0x000ea6          0x4 c:/program files (x86)/microchip/xc16/v1.26/bin/bin/../../lib\liblega-c-elf.a(xvacopy.XXeo)
                  0x000ea6                  __Vacopy
 .libm.umodsi3    0x000eaa          0x6 c:/program files (x86)/microchip/xc16/v1.26/bin/bin/../../lib\libm-elf.a(umodsi3.eo)
                  0x000eaa                  ___umodsi3
 .libm.mulsi3     0x000eb0          0xc c:/program files (x86)/microchip/xc16/v1.26/bin/bin/../../lib\libm-elf.a(mulsi3.eo)
                  0x000eb0                  ___mulp32peds3
                  0x000eb0                  ___mulsi3
                  0x000eb0                  ___mulp32eds3
 .libm.__PplusBdi
                  0x000ebc         0x26 c:/program files (x86)/microchip/xc16/v1.26/bin/bin/../../lib\libm-elf.a(divmoddi3.eo)
 .libm.__PminusBdi
                  0x000ee2         0x26 c:/program files (x86)/microchip/xc16/v1.26/bin/bin/../../lib\libm-elf.a(divmoddi3.eo)
 .libm.__udivmoddi3
                  0x000f08         0xe6 c:/program files (x86)/microchip/xc16/v1.26/bin/bin/../../lib\libm-elf.a(divmoddi3.eo)
                  0x000f08                  ___udivmoddi3
 .libm.__udivdi3
                  0x000fee          0xe c:/program files (x86)/microchip/xc16/v1.26/bin/bin/../../lib\libm-elf.a(divmoddi3.eo)
                  0x000fee                  ___udivdi3
 .libm.__umoddi3
                  0x000ffc          0x8 c:/program files (x86)/microchip/xc16/v1.26/bin/bin/../../lib\libm-elf.a(divmoddi3.eo)
                  0x000ffc                  ___umoddi3
 .libm.__divdi3
                  0x001004         0x60 c:/program files (x86)/microchip/xc16/v1.26/bin/bin/../../lib\libm-elf.a(divmoddi3.eo)
                  0x001004                  ___divdi3
 .libm.__moddi3
                  0x001064         0x5c c:/program files (x86)/microchip/xc16/v1.26/bin/bin/../../lib\libm-elf.a(divmoddi3.eo)
                  0x001064                  ___moddi3

usercode
 *(usercode)

__FBS             0xf80000          0x2
 *(__FBS.sec*)
 __FBS.sec        0xf80000          0x2 FBS
                  0xf80000                  __FBS.sec

__FGS             0xf80004          0x2
 *(__FGS.sec*)
 __FGS.sec        0xf80004          0x2 FGS
                  0xf80004                  __FGS.sec

__FOSCSEL
 *(__FOSCSEL.sec*)

__FOSC
 *(__FOSC.sec*)

__FWDT
 *(__FWDT.sec*)

__FPOR
 *(__FPOR.sec*)

__FICD
 *(__FICD.sec*)

__FDS
 *(__FDS.sec*)

.comment
 *(.comment)

.debug_info       0x000000       0x239e
 *(.debug_info)
 .debug_info      0x000000        0x31e build/default/debug/main.o
 .debug_info      0x00031e        0xa49 build/default/debug/UART.o
 .debug_info      0x000d67        0x1f7 build/default/debug/GPS.o
 .debug_info      0x000f5e        0x424 build/default/debug/UVsensor.o
 .debug_info      0x001382        0xe71 build/default/debug/TPsensor.o
 .debug_info      0x0021f3        0x1ab build/default/debug/PiComm.o
 *(.gnu.linkonce.wi.*)

.debug_abbrev     0x000000        0x572
 *(.debug_abbrev)
 .debug_abbrev    0x000000         0xa2 build/default/debug/main.o
 .debug_abbrev    0x0000a2        0x10f build/default/debug/UART.o
 .debug_abbrev    0x0001b1         0x99 build/default/debug/GPS.o
 .debug_abbrev    0x00024a        0x108 build/default/debug/UVsensor.o
 .debug_abbrev    0x000352        0x19a build/default/debug/TPsensor.o
 .debug_abbrev    0x0004ec         0x86 build/default/debug/PiComm.o

.debug_line       0x000000        0x44b
 *(.debug_line)
 .debug_line      0x000000         0xcc build/default/debug/main.o
 .debug_line      0x0000cc         0xb9 build/default/debug/UART.o
 .debug_line      0x000185         0x46 build/default/debug/GPS.o
 .debug_line      0x0001cb         0xa7 build/default/debug/UVsensor.o
 .debug_line      0x000272        0x199 build/default/debug/TPsensor.o
 .debug_line      0x00040b         0x40 build/default/debug/PiComm.o

.debug_frame      0x000000        0x4a2
 *(.debug_frame)
 .debug_frame     0x000000         0x4c build/default/debug/main.o
 .debug_frame     0x00004c         0xd8 build/default/debug/UART.o
 .debug_frame     0x000124         0x6e build/default/debug/GPS.o
 .debug_frame     0x000192         0x52 build/default/debug/UVsensor.o
 .debug_frame     0x0001e4        0x272 build/default/debug/TPsensor.o
 .debug_frame     0x000456         0x4c build/default/debug/PiComm.o

.debug_str        0x000000         0x8b
 *(.debug_str)
 .debug_str       0x000000         0x4e build/default/debug/UART.o
 .debug_str       0x00004e         0x15 build/default/debug/UVsensor.o
 .debug_str       0x000063         0x28 build/default/debug/TPsensor.o

.debug_loc
 *(.debug_loc)

.debug_macinfo
 *(.debug_macinfo)

.debug_pubnames
                  0x000000        0x290
 *(.debug_pubnames)
 .debug_pubnames
                  0x000000         0x28 build/default/debug/main.o
 .debug_pubnames
                  0x000028         0x86 build/default/debug/UART.o
 .debug_pubnames
                  0x0000ae         0x42 build/default/debug/GPS.o
 .debug_pubnames
                  0x0000f0         0x2d build/default/debug/UVsensor.o
 .debug_pubnames
                  0x00011d        0x13e build/default/debug/TPsensor.o
 .debug_pubnames
                  0x00025b         0x35 build/default/debug/PiComm.o

.debug_ranges
 *(.debug_ranges)

.debug_aranges    0x000000         0x90
 *(.debug_aranges)
 .debug_aranges
                  0x000000         0x18 build/default/debug/main.o
 .debug_aranges
                  0x000018         0x18 build/default/debug/UART.o
 .debug_aranges
                  0x000030         0x18 build/default/debug/GPS.o
 .debug_aranges
                  0x000048         0x18 build/default/debug/UVsensor.o
 .debug_aranges
                  0x000060         0x18 build/default/debug/TPsensor.o
 .debug_aranges
                  0x000078         0x18 build/default/debug/PiComm.o
                    0x0000                  WREG0 = 0x0
                    0x0000                  _WREG0 = 0x0
                    0x0002                  WREG1 = 0x2
                    0x0002                  _WREG1 = 0x2
                    0x0004                  WREG2 = 0x4
                    0x0004                  _WREG2 = 0x4
                    0x0006                  WREG3 = 0x6
                    0x0006                  _WREG3 = 0x6
                    0x0008                  WREG4 = 0x8
                    0x0008                  _WREG4 = 0x8
                    0x000a                  WREG5 = 0xa
                    0x000a                  _WREG5 = 0xa
                    0x000c                  WREG6 = 0xc
                    0x000c                  _WREG6 = 0xc
                    0x000e                  WREG7 = 0xe
                    0x000e                  _WREG7 = 0xe
                    0x0010                  WREG8 = 0x10
                    0x0010                  _WREG8 = 0x10
                    0x0012                  WREG9 = 0x12
                    0x0012                  _WREG9 = 0x12
                    0x0014                  WREG10 = 0x14
                    0x0014                  _WREG10 = 0x14
                    0x0016                  WREG11 = 0x16
                    0x0016                  _WREG11 = 0x16
                    0x0018                  WREG12 = 0x18
                    0x0018                  _WREG12 = 0x18
                    0x001a                  WREG13 = 0x1a
                    0x001a                  _WREG13 = 0x1a
                    0x001c                  WREG14 = 0x1c
                    0x001c                  _WREG14 = 0x1c
                    0x001e                  WREG15 = 0x1e
                    0x001e                  _WREG15 = 0x1e
                    0x0020                  SPLIM = 0x20
                    0x0020                  _SPLIM = 0x20
                    0x002e                  PCL = 0x2e
                    0x002e                  _PCL = 0x2e
                    0x0030                  PCH = 0x30
                    0x0030                  _PCH = 0x30
                    0x0032                  TBLPAG = 0x32
                    0x0032                  _TBLPAG = 0x32
                    0x0034                  PSVPAG = 0x34
                    0x0034                  _PSVPAG = 0x34
                    0x0036                  RCOUNT = 0x36
                    0x0036                  _RCOUNT = 0x36
                    0x0042                  SR = 0x42
                    0x0042                  _SR = 0x42
                    0x0042                  _SRbits = 0x42
                    0x0044                  CORCON = 0x44
                    0x0044                  _CORCON = 0x44
                    0x0044                  _CORCONbits = 0x44
                    0x0052                  DISICNT = 0x52
                    0x0052                  _DISICNT = 0x52
                    0x0060                  CNEN1 = 0x60
                    0x0060                  _CNEN1 = 0x60
                    0x0060                  _CNEN1bits = 0x60
                    0x0062                  CNEN2 = 0x62
                    0x0062                  _CNEN2 = 0x62
                    0x0062                  _CNEN2bits = 0x62
                    0x0068                  CNPU1 = 0x68
                    0x0068                  _CNPU1 = 0x68
                    0x0068                  _CNPU1bits = 0x68
                    0x006a                  CNPU2 = 0x6a
                    0x006a                  _CNPU2 = 0x6a
                    0x006a                  _CNPU2bits = 0x6a
                    0x0070                  CNPD1 = 0x70
                    0x0070                  _CNPD1 = 0x70
                    0x0070                  _CNPD1bits = 0x70
                    0x0072                  CNPD2 = 0x72
                    0x0072                  _CNPD2 = 0x72
                    0x0072                  _CNPD2bits = 0x72
                    0x0080                  INTCON1 = 0x80
                    0x0080                  _INTCON1 = 0x80
                    0x0080                  _INTCON1bits = 0x80
                    0x0082                  INTCON2 = 0x82
                    0x0082                  _INTCON2 = 0x82
                    0x0082                  _INTCON2bits = 0x82
                    0x0084                  IFS0 = 0x84
                    0x0084                  _IFS0 = 0x84
                    0x0084                  _IFS0bits = 0x84
                    0x0086                  IFS1 = 0x86
                    0x0086                  _IFS1 = 0x86
                    0x0086                  _IFS1bits = 0x86
                    0x008a                  IFS3 = 0x8a
                    0x008a                  _IFS3 = 0x8a
                    0x008a                  _IFS3bits = 0x8a
                    0x008c                  IFS4 = 0x8c
                    0x008c                  _IFS4 = 0x8c
                    0x008c                  _IFS4bits = 0x8c
                    0x0094                  IEC0 = 0x94
                    0x0094                  _IEC0 = 0x94
                    0x0094                  _IEC0bits = 0x94
                    0x0096                  IEC1 = 0x96
                    0x0096                  _IEC1 = 0x96
                    0x0096                  _IEC1bits = 0x96
                    0x009a                  IEC3 = 0x9a
                    0x009a                  _IEC3 = 0x9a
                    0x009a                  _IEC3bits = 0x9a
                    0x009c                  IEC4 = 0x9c
                    0x009c                  _IEC4 = 0x9c
                    0x009c                  _IEC4bits = 0x9c
                    0x00a4                  IPC0 = 0xa4
                    0x00a4                  _IPC0 = 0xa4
                    0x00a4                  _IPC0bits = 0xa4
                    0x00a6                  IPC1 = 0xa6
                    0x00a6                  _IPC1 = 0xa6
                    0x00a6                  _IPC1bits = 0xa6
                    0x00a8                  IPC2 = 0xa8
                    0x00a8                  _IPC2 = 0xa8
                    0x00a8                  _IPC2bits = 0xa8
                    0x00aa                  IPC3 = 0xaa
                    0x00aa                  _IPC3 = 0xaa
                    0x00aa                  _IPC3bits = 0xaa
                    0x00ac                  IPC4 = 0xac
                    0x00ac                  _IPC4 = 0xac
                    0x00ac                  _IPC4bits = 0xac
                    0x00ae                  IPC5 = 0xae
                    0x00ae                  _IPC5 = 0xae
                    0x00ae                  _IPC5bits = 0xae
                    0x00b2                  IPC7 = 0xb2
                    0x00b2                  _IPC7 = 0xb2
                    0x00b2                  _IPC7bits = 0xb2
                    0x00c2                  IPC15 = 0xc2
                    0x00c2                  _IPC15 = 0xc2
                    0x00c2                  _IPC15bits = 0xc2
                    0x00c4                  IPC16 = 0xc4
                    0x00c4                  _IPC16 = 0xc4
                    0x00c4                  _IPC16bits = 0xc4
                    0x00c8                  IPC18 = 0xc8
                    0x00c8                  _IPC18 = 0xc8
                    0x00c8                  _IPC18bits = 0xc8
                    0x00ca                  IPC19 = 0xca
                    0x00ca                  _IPC19 = 0xca
                    0x00ca                  _IPC19bits = 0xca
                    0x00e0                  INTTREG = 0xe0
                    0x00e0                  _INTTREG = 0xe0
                    0x00e0                  _INTTREGbits = 0xe0
                    0x0100                  TMR1 = 0x100
                    0x0100                  _TMR1 = 0x100
                    0x0102                  PR1 = 0x102
                    0x0102                  _PR1 = 0x102
                    0x0104                  T1CON = 0x104
                    0x0104                  _T1CON = 0x104
                    0x0104                  _T1CONbits = 0x104
                    0x0106                  TMR2 = 0x106
                    0x0106                  _TMR2 = 0x106
                    0x0108                  TMR3HLD = 0x108
                    0x0108                  _TMR3HLD = 0x108
                    0x010a                  TMR3 = 0x10a
                    0x010a                  _TMR3 = 0x10a
                    0x010c                  PR2 = 0x10c
                    0x010c                  _PR2 = 0x10c
                    0x010e                  PR3 = 0x10e
                    0x010e                  _PR3 = 0x10e
                    0x0110                  T2CON = 0x110
                    0x0110                  _T2CON = 0x110
                    0x0110                  _T2CONbits = 0x110
                    0x0112                  T3CON = 0x112
                    0x0112                  _T3CON = 0x112
                    0x0112                  _T3CONbits = 0x112
                    0x0140                  IC1BUF = 0x140
                    0x0140                  _IC1BUF = 0x140
                    0x0142                  IC1CON = 0x142
                    0x0142                  _IC1CON = 0x142
                    0x0142                  _IC1CONbits = 0x142
                    0x0180                  OC1RS = 0x180
                    0x0180                  _OC1RS = 0x180
                    0x0182                  OC1R = 0x182
                    0x0182                  _OC1R = 0x182
                    0x0184                  OC1CON = 0x184
                    0x0184                  _OC1CON = 0x184
                    0x0184                  _OC1CONbits = 0x184
                    0x0200                  I2C1RCV = 0x200
                    0x0200                  _I2C1RCV = 0x200
                    0x0202                  I2C1TRN = 0x202
                    0x0202                  _I2C1TRN = 0x202
                    0x0204                  I2C1BRG = 0x204
                    0x0204                  _I2C1BRG = 0x204
                    0x0206                  I2C1CON = 0x206
                    0x0206                  _I2C1CON = 0x206
                    0x0206                  _I2C1CONbits = 0x206
                    0x0208                  I2C1STAT = 0x208
                    0x0208                  _I2C1STAT = 0x208
                    0x0208                  _I2C1STATbits = 0x208
                    0x020a                  I2C1ADD = 0x20a
                    0x020a                  _I2C1ADD = 0x20a
                    0x020c                  I2C1MSK = 0x20c
                    0x020c                  _I2C1MSK = 0x20c
                    0x020c                  _I2C1MSKbits = 0x20c
                    0x0220                  U1MODE = 0x220
                    0x0220                  _U1MODE = 0x220
                    0x0220                  _U1MODEbits = 0x220
                    0x0222                  U1STA = 0x222
                    0x0222                  _U1STA = 0x222
                    0x0222                  _U1STAbits = 0x222
                    0x0224                  U1TXREG = 0x224
                    0x0224                  _U1TXREG = 0x224
                    0x0226                  U1RXREG = 0x226
                    0x0226                  _U1RXREG = 0x226
                    0x0228                  U1BRG = 0x228
                    0x0228                  _U1BRG = 0x228
                    0x0230                  U2MODE = 0x230
                    0x0230                  _U2MODE = 0x230
                    0x0230                  _U2MODEbits = 0x230
                    0x0232                  U2STA = 0x232
                    0x0232                  _U2STA = 0x232
                    0x0232                  _U2STAbits = 0x232
                    0x0234                  U2TXREG = 0x234
                    0x0234                  _U2TXREG = 0x234
                    0x0236                  U2RXREG = 0x236
                    0x0236                  _U2RXREG = 0x236
                    0x0238                  U2BRG = 0x238
                    0x0238                  _U2BRG = 0x238
                    0x0240                  SPI1STAT = 0x240
                    0x0240                  _SPI1STAT = 0x240
                    0x0240                  _SPI1STATbits = 0x240
                    0x0242                  SPI1CON1 = 0x242
                    0x0242                  _SPI1CON1 = 0x242
                    0x0242                  _SPI1CON1bits = 0x242
                    0x0244                  SPI1CON2 = 0x244
                    0x0244                  _SPI1CON2 = 0x244
                    0x0244                  _SPI1CON2bits = 0x244
                    0x0248                  SPI1BUF = 0x248
                    0x0248                  _SPI1BUF = 0x248
                    0x02c0                  TRISA = 0x2c0
                    0x02c0                  _TRISA = 0x2c0
                    0x02c0                  _TRISAbits = 0x2c0
                    0x02c2                  PORTA = 0x2c2
                    0x02c2                  _PORTA = 0x2c2
                    0x02c2                  _PORTAbits = 0x2c2
                    0x02c4                  LATA = 0x2c4
                    0x02c4                  _LATA = 0x2c4
                    0x02c4                  _LATAbits = 0x2c4
                    0x02c6                  ODCA = 0x2c6
                    0x02c6                  _ODCA = 0x2c6
                    0x02c6                  _ODCAbits = 0x2c6
                    0x02c8                  TRISB = 0x2c8
                    0x02c8                  _TRISB = 0x2c8
                    0x02c8                  _TRISBbits = 0x2c8
                    0x02ca                  PORTB = 0x2ca
                    0x02ca                  _PORTB = 0x2ca
                    0x02ca                  _PORTBbits = 0x2ca
                    0x02cc                  LATB = 0x2cc
                    0x02cc                  _LATB = 0x2cc
                    0x02cc                  _LATBbits = 0x2cc
                    0x02ce                  ODCB = 0x2ce
                    0x02ce                  _ODCB = 0x2ce
                    0x02ce                  _ODCBbits = 0x2ce
                    0x02fc                  PADCFG1 = 0x2fc
                    0x02fc                  _PADCFG1 = 0x2fc
                    0x02fc                  _PADCFG1bits = 0x2fc
                    0x0300                  ADC1BUF0 = 0x300
                    0x0300                  _ADC1BUF0 = 0x300
                    0x0302                  ADC1BUF1 = 0x302
                    0x0302                  _ADC1BUF1 = 0x302
                    0x0304                  ADC1BUF2 = 0x304
                    0x0304                  _ADC1BUF2 = 0x304
                    0x0306                  ADC1BUF3 = 0x306
                    0x0306                  _ADC1BUF3 = 0x306
                    0x0308                  ADC1BUF4 = 0x308
                    0x0308                  _ADC1BUF4 = 0x308
                    0x030a                  ADC1BUF5 = 0x30a
                    0x030a                  _ADC1BUF5 = 0x30a
                    0x030c                  ADC1BUF6 = 0x30c
                    0x030c                  _ADC1BUF6 = 0x30c
                    0x030e                  ADC1BUF7 = 0x30e
                    0x030e                  _ADC1BUF7 = 0x30e
                    0x0310                  ADC1BUF8 = 0x310
                    0x0310                  _ADC1BUF8 = 0x310
                    0x0312                  ADC1BUF9 = 0x312
                    0x0312                  _ADC1BUF9 = 0x312
                    0x0314                  ADC1BUFA = 0x314
                    0x0314                  _ADC1BUFA = 0x314
                    0x0316                  ADC1BUFB = 0x316
                    0x0316                  _ADC1BUFB = 0x316
                    0x0318                  ADC1BUFC = 0x318
                    0x0318                  _ADC1BUFC = 0x318
                    0x031a                  ADC1BUFD = 0x31a
                    0x031a                  _ADC1BUFD = 0x31a
                    0x031c                  ADC1BUFE = 0x31c
                    0x031c                  _ADC1BUFE = 0x31c
                    0x031e                  ADC1BUFF = 0x31e
                    0x031e                  _ADC1BUFF = 0x31e
                    0x0320                  AD1CON1 = 0x320
                    0x0320                  _AD1CON1 = 0x320
                    0x0320                  _AD1CON1bits = 0x320
                    0x0322                  AD1CON2 = 0x322
                    0x0322                  _AD1CON2 = 0x322
                    0x0322                  _AD1CON2bits = 0x322
                    0x0324                  AD1CON3 = 0x324
                    0x0324                  _AD1CON3 = 0x324
                    0x0324                  _AD1CON3bits = 0x324
                    0x0328                  AD1CHS = 0x328
                    0x0328                  _AD1CHS = 0x328
                    0x0328                  _AD1CHSbits = 0x328
                    0x032c                  AD1PCFG = 0x32c
                    0x032c                  _AD1PCFG = 0x32c
                    0x032c                  _AD1PCFGbits = 0x32c
                    0x0330                  AD1CSSL = 0x330
                    0x0330                  _AD1CSSL = 0x330
                    0x0330                  _AD1CSSLbits = 0x330
                    0x033c                  CTMUCON = 0x33c
                    0x033c                  _CTMUCON = 0x33c
                    0x033c                  _CTMUCONbits = 0x33c
                    0x033e                  CTMUICON = 0x33e
                    0x033e                  _CTMUICON = 0x33e
                    0x033e                  _CTMUICONbits = 0x33e
                    0x0620                  ALRMVAL = 0x620
                    0x0620                  _ALRMVAL = 0x620
                    0x0622                  ALCFGRPT = 0x622
                    0x0622                  _ALCFGRPT = 0x622
                    0x0622                  _ALCFGRPTbits = 0x622
                    0x0624                  RTCVAL = 0x624
                    0x0624                  _RTCVAL = 0x624
                    0x0626                  RCFGCAL = 0x626
                    0x0626                  _RCFGCAL = 0x626
                    0x0626                  _RCFGCALbits = 0x626
                    0x0630                  CMSTAT = 0x630
                    0x0630                  _CMSTAT = 0x630
                    0x0630                  _CMSTATbits = 0x630
                    0x0632                  CVRCON = 0x632
                    0x0632                  _CVRCON = 0x632
                    0x0632                  _CVRCONbits = 0x632
                    0x0634                  CM1CON = 0x634
                    0x0634                  _CM1CON = 0x634
                    0x0634                  _CM1CONbits = 0x634
                    0x0636                  CM2CON = 0x636
                    0x0636                  _CM2CON = 0x636
                    0x0636                  _CM2CONbits = 0x636
                    0x0640                  CRCCON = 0x640
                    0x0640                  _CRCCON = 0x640
                    0x0640                  _CRCCONbits = 0x640
                    0x0642                  CRCXOR = 0x642
                    0x0642                  _CRCXOR = 0x642
                    0x0644                  CRCDAT = 0x644
                    0x0644                  _CRCDAT = 0x644
                    0x0646                  CRCWDAT = 0x646
                    0x0646                  _CRCWDAT = 0x646
                    0x0740                  RCON = 0x740
                    0x0740                  _RCON = 0x740
                    0x0740                  _RCONbits = 0x740
                    0x0742                  OSCCON = 0x742
                    0x0742                  _OSCCON = 0x742
                    0x0742                  _OSCCONbits = 0x742
                    0x0742                  OSCCONL = 0x742
                    0x0742                  _OSCCONL = 0x742
                    0x0743                  OSCCONH = 0x743
                    0x0743                  _OSCCONH = 0x743
                    0x0744                  CLKDIV = 0x744
                    0x0744                  _CLKDIV = 0x744
                    0x0744                  _CLKDIVbits = 0x744
                    0x0748                  OSCTUN = 0x748
                    0x0748                  _OSCTUN = 0x748
                    0x0748                  _OSCTUNbits = 0x748
                    0x074e                  REFOCON = 0x74e
                    0x074e                  _REFOCON = 0x74e
                    0x074e                  _REFOCONbits = 0x74e
                    0x0756                  HLVDCON = 0x756
                    0x0756                  _HLVDCON = 0x756
                    0x0756                  _HLVDCONbits = 0x756
                    0x0758                  DSCON = 0x758
                    0x0758                  _DSCON = 0x758
                    0x0758                  _DSCONbits = 0x758
                    0x075a                  DSWAKE = 0x75a
                    0x075a                  _DSWAKE = 0x75a
                    0x075a                  _DSWAKEbits = 0x75a
                    0x075a                  DSWSRC = 0x75a
                    0x075a                  _DSWSRC = 0x75a
                    0x075a                  _DSWSRCbits = 0x75a
                    0x075c                  DSGPR0 = 0x75c
                    0x075c                  _DSGPR0 = 0x75c
                    0x075e                  DSGPR1 = 0x75e
                    0x075e                  _DSGPR1 = 0x75e
                    0x0760                  NVMCON = 0x760
                    0x0760                  _NVMCON = 0x760
                    0x0760                  _NVMCONbits = 0x760
                    0x0766                  NVMKEY = 0x766
                    0x0766                  _NVMKEY = 0x766
                    0x0766                  _NVMKEYbits = 0x766
                    0x0770                  PMD1 = 0x770
                    0x0770                  _PMD1 = 0x770
                    0x0770                  _PMD1bits = 0x770
                    0x0772                  PMD2 = 0x772
                    0x0772                  _PMD2 = 0x772
                    0x0772                  _PMD2bits = 0x772
                    0x0774                  PMD3 = 0x774
                    0x0774                  _PMD3 = 0x774
                    0x0774                  _PMD3bits = 0x774
                    0x0776                  PMD4 = 0x776
                    0x0776                  _PMD4 = 0x776
                    0x0776                  _PMD4bits = 0x776
                    0x0140                  IC1 = 0x140
                    0x0140                  _IC1 = 0x140
                    0x0180                  OC1 = 0x180
                    0x0180                  _OC1 = 0x180
                    0x0240                  SPI1 = 0x240
                    0x0240                  _SPI1 = 0x240
                    0x0220                  UART1 = 0x220
                    0x0220                  _UART1 = 0x220
                    0x0230                  UART2 = 0x230
                    0x0230                  _UART2 = 0x230
START GROUP
LOAD c:/program files (x86)/microchip/xc16/v1.26/bin/bin/../../lib\liblega-pic30-elf.a
LOAD c:/program files (x86)/microchip/xc16/v1.26/bin/bin/../../lib\libm-elf.a
LOAD c:/program files (x86)/microchip/xc16/v1.26/bin/bin/../../lib\liblega-c-elf.a
END GROUP
OUTPUT(dist/default/debug/DamCommPIC.X.debug.elf elf32-pic30)
LOAD FGS
LOAD FBS
LOAD jump_table
LOAD default_isr
LOAD data_init
LOAD shared_data_init

.debug_pubtypes
                  0x000090        0x192
 .debug_pubtypes
                  0x000090         0x21 build/default/debug/main.o
 .debug_pubtypes
                  0x0000b1         0x92 build/default/debug/UART.o
 .debug_pubtypes
                  0x000143         0x12 build/default/debug/GPS.o
 .debug_pubtypes
                  0x000155         0x35 build/default/debug/UVsensor.o
 .debug_pubtypes
                  0x00018a         0x86 build/default/debug/TPsensor.o
 .debug_pubtypes
                  0x000210         0x12 build/default/debug/PiComm.o

__c30_signature
                  0x000222         0xe4
 __c30_signature
                  0x000222          0x6 build/default/debug/main.o
 __c30_signature
                  0x000228          0x6 build/default/debug/UART.o
 __c30_signature
                  0x00022e          0x6 build/default/debug/GPS.o
 __c30_signature
                  0x000234          0x6 build/default/debug/UVsensor.o
 __c30_signature
                  0x00023a          0x6 build/default/debug/TPsensor.o
 __c30_signature
                  0x000240          0x6 build/default/debug/PiComm.o
 __c30_signature
                  0x000246          0x6 c:/program files (x86)/microchip/xc16/v1.26/bin/bin/../../lib\liblega-pic30-elf.a(crt0_standard.o)
 __c30_signature
                  0x00024c          0x6 c:/program files (x86)/microchip/xc16/v1.26/bin/bin/../../lib\liblega-pic30-elf.a(data_init_standard.o)
 __c30_signature
                  0x000252          0x6 c:/program files (x86)/microchip/xc16/v1.26/bin/bin/../../lib\liblega-pic30-elf.a(delay32.Leo)
 __c30_signature
                  0x000258          0x6 c:/program files (x86)/microchip/xc16/v1.26/bin/bin/../../lib\libm-elf.a(divsf3.eo)
 __c30_signature
                  0x00025e          0x6 c:/program files (x86)/microchip/xc16/v1.26/bin/bin/../../lib\libm-elf.a(divsi3.eo)
 __c30_signature
                  0x000264          0x6 c:/program files (x86)/microchip/xc16/v1.26/bin/bin/../../lib\libm-elf.a(fixsfsi.eo)
 __c30_signature
                  0x00026a          0x6 c:/program files (x86)/microchip/xc16/v1.26/bin/bin/../../lib\libm-elf.a(floatsisf.eo)
 __c30_signature
                  0x000270          0x6 c:/program files (x86)/microchip/xc16/v1.26/bin/bin/../../lib\libm-elf.a(fpack.eo)
 __c30_signature
                  0x000276          0x6 c:/program files (x86)/microchip/xc16/v1.26/bin/bin/../../lib\libm-elf.a(funpack.eo)
 __c30_signature
                  0x00027c          0x6 c:/program files (x86)/microchip/xc16/v1.26/bin/bin/../../lib\libm-elf.a(funpack2.eo)
 __c30_signature
                  0x000282          0x6 c:/program files (x86)/microchip/xc16/v1.26/bin/bin/../../lib\libm-elf.a(futil.eo)
 __c30_signature
                  0x000288          0x6 c:/program files (x86)/microchip/xc16/v1.26/bin/bin/../../lib\libm-elf.a(mulsf3.eo)
 __c30_signature
                  0x00028e          0x6 c:/program files (x86)/microchip/xc16/v1.26/bin/bin/../../lib\libm-elf.a(udivsi3.eo)
 __c30_signature
                  0x000294          0x6 c:/program files (x86)/microchip/xc16/v1.26/bin/bin/../../lib\libm-elf.a(floatdisf.eo)
 __c30_signature
                  0x00029a          0x6 c:/program files (x86)/microchip/xc16/v1.26/bin/bin/../../lib\libm-elf.a(floatundisf.eo)
 __c30_signature
                  0x0002a0          0x6 c:/program files (x86)/microchip/xc16/v1.26/bin/bin/../../lib\liblega-c-elf.a(xstoul.XXeo)
 __c30_signature
                  0x0002a6          0x6 c:/program files (x86)/microchip/xc16/v1.26/bin/bin/../../lib\liblega-c-elf.a(isspace.XXelso)
 __c30_signature
                  0x0002ac          0x6 c:/program files (x86)/microchip/xc16/v1.26/bin/bin/../../lib\liblega-c-elf.a(tolower.XXelso)
 __c30_signature
                  0x0002b2          0x6 c:/program files (x86)/microchip/xc16/v1.26/bin/bin/../../lib\liblega-c-elf.a(errno.XXelo)
 __c30_signature
                  0x0002b8          0x6 c:/program files (x86)/microchip/xc16/v1.26/bin/bin/../../lib\liblega-c-elf.a(sprintf_cdnopsuxX.XXeo)
 __c30_signature
                  0x0002be          0x6 c:/program files (x86)/microchip/xc16/v1.26/bin/bin/../../lib\liblega-c-elf.a(xprintf_cdnopsuxX.XXeo)
 __c30_signature
                  0x0002c4          0x6 c:/program files (x86)/microchip/xc16/v1.26/bin/bin/../../lib\liblega-c-elf.a(xputfld_cdnopsuxX.XXeo)
 __c30_signature
                  0x0002ca          0x6 c:/program files (x86)/microchip/xc16/v1.26/bin/bin/../../lib\liblega-c-elf.a(memchr.XXeo)
 __c30_signature
                  0x0002d0          0x6 c:/program files (x86)/microchip/xc16/v1.26/bin/bin/../../lib\liblega-c-elf.a(memcpy.XXeo)
 __c30_signature
                  0x0002d6          0x6 c:/program files (x86)/microchip/xc16/v1.26/bin/bin/../../lib\liblega-c-elf.a(strchr.XXeo)
 __c30_signature
                  0x0002dc          0x6 c:/program files (x86)/microchip/xc16/v1.26/bin/bin/../../lib\liblega-c-elf.a(strlen.XXeo)
 __c30_signature
                  0x0002e2          0x6 c:/program files (x86)/microchip/xc16/v1.26/bin/bin/../../lib\liblega-c-elf.a(xlitob.XXeo)
 __c30_signature
                  0x0002e8          0x6 c:/program files (x86)/microchip/xc16/v1.26/bin/bin/../../lib\liblega-c-elf.a(xputtxt.XXeo)
 __c30_signature
                  0x0002ee          0x6 c:/program files (x86)/microchip/xc16/v1.26/bin/bin/../../lib\liblega-c-elf.a(xvacopy.XXeo)
 __c30_signature
                  0x0002f4          0x6 c:/program files (x86)/microchip/xc16/v1.26/bin/bin/../../lib\libm-elf.a(umodsi3.eo)
 __c30_signature
                  0x0002fa          0x6 c:/program files (x86)/microchip/xc16/v1.26/bin/bin/../../lib\libm-elf.a(mulsi3.eo)
 __c30_signature
                  0x000300          0x6 c:/program files (x86)/microchip/xc16/v1.26/bin/bin/../../lib\libm-elf.a(divmoddi3.eo)

.data               0x0850         0x86
 .data              0x0850         0x4a c:/program files (x86)/microchip/xc16/v1.26/bin/bin/../../lib\liblega-c-elf.a(xstoul.XXeo)
 .data              0x089a         0x22 c:/program files (x86)/microchip/xc16/v1.26/bin/bin/../../lib\liblega-c-elf.a(xlitob.XXeo)
 .data              0x08bc         0x1a c:/program files (x86)/microchip/xc16/v1.26/bin/bin/../../lib\liblega-c-elf.a(xprintf_cdnopsuxX.XXeo)

.bss                0x08d6          0x4
 .bss               0x08d6          0x4 c:/program files (x86)/microchip/xc16/v1.26/bin/bin/../../lib\liblega-c-elf.a(errno.XXelo)
                    0x08d6                  _errno
                    0x08d8                  __Tls_setup_errno

.config_DSWDTEN
                  0xf80010          0x2
 .config_DSWDTEN
                  0xf80010          0x2 build/default/debug/main.o

.config_BKBUG     0xf8000e          0x2
 .config_BKBUG    0xf8000e          0x2 build/default/debug/main.o

.config_MCLRE     0xf8000c          0x2
 .config_MCLRE    0xf8000c          0x2 build/default/debug/main.o

.config_FWDTEN    0xf8000a          0x2
 .config_FWDTEN
                  0xf8000a          0x2 build/default/debug/main.o

.config_FCKSM     0xf80008          0x2
 .config_FCKSM    0xf80008          0x2 build/default/debug/main.o

.config_IESO      0xf80006          0x2
 .config_IESO     0xf80006          0x2 build/default/debug/main.o

.const              0x90c0         0xa0 load address 0x0010c0  
 .const             0x90c0         0x44 build/default/debug/main.o
 .const             0x9104         0x3c build/default/debug/GPS.o
 .const             0x9140         0x18 build/default/debug/TPsensor.o
 .const             0x9158          0x8 build/default/debug/UVsensor.o

.text             0x001160        0x8ca
 .text            0x001160        0x6fc build/default/debug/TPsensor.o
                  0x001160                  _init_I2C
                  0x001178                  _restart_I2C
                  0x0011a6                  _start_I2C
                  0x0011dc                  _reset_I2C
                  0x001212                  _sendByte_I2C
                  0x001272                  _read_I2C
                  0x0012a0                  _read_ack_I2C
                  0x0012d6                  _poll_I2C
                  0x0012f0                  _readSCast
                  0x001308                  _readCast
                  0x00131a                  _readS16
                  0x001330                  _read16
                  0x001374                  _getTemp
                  0x0013fa                  _getPressure
                  0x0016d8                  _getUT
                  0x0016fc                  _getUP
                  0x001720                  _readCoefficients
                  0x001792                  _readSUP16
                  0x0017a8                  _readUP16
                  0x001802                  _getTempString
                  0x001830                  _getPressString
 .text            0x00185c         0xfc build/default/debug/main.o
                  0x00185c                  _main
                  0x001948                  _init_osc
 .text            0x001958         0xd2 build/default/debug/UART.o
                  0x001958                  _UART1_init
                  0x001978                  _UART2_init
                  0x001998                  _UART1_PutChar
                  0x0019b0                  _UART2_PutChar
                  0x0019c8                  _UART1_GetChar
                  0x0019ea                  _UART2_GetChar
                  0x001a0c                  _sendArray

.dinit            0x001a2a         0x76
 .dinit           0x001a2a         0x76 data_init

.text             0x001aa0        0x12a
 .text            0x001aa0         0x70 build/default/debug/UVsensor.o
                  0x001aa0                  _AD_Init
                  0x001aba                  _getUVindex
 .text            0x001b10         0x68 build/default/debug/GPS.o
                  0x001b10                  _GPS_init
                  0x001b20                  _getGPSsentence
                  0x001b5a                  _sendCommand
 .text            0x001b78         0x52 build/default/debug/PiComm.o
                  0x001b78                  _sendPiCommand
                  0x001b96                  _getPiCommand

.init.delay32     0x001bca         0x1c
 .init.delay32    0x001bca         0x1c c:/program files (x86)/microchip/xc16/v1.26/bin/bin/../../lib\liblega-pic30-elf.a(delay32.Leo)
                  0x001bca                  ___delay32

.shared.dinit     0x001be6          0x2
 .shared.dinit    0x001be6          0x2 shared_data_init
