Microchip Technology Inc, v1.26 (A)

Tool Name:
  c:\program files (x86)\microchip\xc16\v1.26\bin\bin\..\bin/elf-ld.exe

Command:
  -p24F16KA101 \
  -o \
  dist/default/production/DamCommPIC.X.production.elf \
  -Lc:/program files (x86)/microchip/xc16/v1.26/bin/bin/.. \
  -Lc:/program files (x86)/microchip/xc16/v1.26/bin/bin/../../lib \
  -Lc:/program files (x86)/microchip/xc16/v1.26/bin/bin/../../support/PIC24E/gld \
  -Lc:/program files (x86)/microchip/xc16/v1.26/bin/bin/../../support/PIC24F/gld \
  -Lc:/program files (x86)/microchip/xc16/v1.26/bin/bin/../../support/PIC24H/gld \
  -Lc:/program files (x86)/microchip/xc16/v1.26/bin/bin/../../support/dsPIC30F/gld \
  -Lc:/program files (x86)/microchip/xc16/v1.26/bin/bin/../../support/dsPIC33E/gld \
  -Lc:/program files (x86)/microchip/xc16/v1.26/bin/bin/../../support/dsPIC33F/gld \
  build/default/production/main.o \
  build/default/production/UART.o \
  build/default/production/GPS.o \
  build/default/production/UVsensor.o \
  build/default/production/TPsensor.o \
  build/default/production/PiComm.o \
  --defsym=__MPLAB_BUILD=1 \
  -Tp24F16KA101.gld.00 \
  --stack=16 \
  --check-sections \
  --data-init \
  --pack-data \
  --handles \
  --isr \
  --no-gc-sections \
  --fill-upper=0 \
  --stackguard=16 \
  --no-force-link \
  --smart-io \
  -Map=dist/default/production/DamCommPIC.X.production.map \
  --report-mem \
  --memorysummary \
  dist/default/production/memoryfile.xml \
  -start-group \
  --library=lega-pic30-elf \
  --library=m-elf \
  --library=lega-c-elf \
  -end-group \


Optional library libpPIC24Fxxx.a not found
Archive member included because of file (symbol)

c:/program files (x86)/microchip/xc16/v1.26/bin/bin/../../lib\liblega-pic30-elf.a(crt0_standard.o)
                              (__resetPRI)
c:/program files (x86)/microchip/xc16/v1.26/bin/bin/../../lib\liblega-pic30-elf.a(data_init_standard.o)
                              c:/program files (x86)/microchip/xc16/v1.26/bin/bin/../../lib\liblega-pic30-elf.a(crt0_standard.o) (__data_init_standard)
c:/program files (x86)/microchip/xc16/v1.26/bin/bin/../../lib\liblega-pic30-elf.a(delay32.Leo)
                              build/default/production/GPS.o (___delay32)
c:/program files (x86)/microchip/xc16/v1.26/bin/bin/../../lib\libm-elf.a(addsf3.eo)
                              build/default/production/TPsensor.o (___addsf3)
c:/program files (x86)/microchip/xc16/v1.26/bin/bin/../../lib\libm-elf.a(divsf3.eo)
                              build/default/production/UVsensor.o (___divsf3)
c:/program files (x86)/microchip/xc16/v1.26/bin/bin/../../lib\libm-elf.a(divsi3.eo)
                              build/default/production/TPsensor.o (___divsi3)
c:/program files (x86)/microchip/xc16/v1.26/bin/bin/../../lib\libm-elf.a(fixunssfsi.eo)
                              build/default/production/UVsensor.o (___fixunssfsi)
c:/program files (x86)/microchip/xc16/v1.26/bin/bin/../../lib\libm-elf.a(floatsisf.eo)
                              build/default/production/TPsensor.o (___floatsisf)
c:/program files (x86)/microchip/xc16/v1.26/bin/bin/../../lib\libm-elf.a(floatunsisf.eo)
                              build/default/production/UVsensor.o (___floatunsisf)
c:/program files (x86)/microchip/xc16/v1.26/bin/bin/../../lib\libm-elf.a(fpack.eo)
                              c:/program files (x86)/microchip/xc16/v1.26/bin/bin/../../lib\libm-elf.a(addsf3.eo) (__fpack)
c:/program files (x86)/microchip/xc16/v1.26/bin/bin/../../lib\libm-elf.a(funpack.eo)
                              c:/program files (x86)/microchip/xc16/v1.26/bin/bin/../../lib\libm-elf.a(fixunssfsi.eo) (__funpack)
c:/program files (x86)/microchip/xc16/v1.26/bin/bin/../../lib\libm-elf.a(funpack2.eo)
                              c:/program files (x86)/microchip/xc16/v1.26/bin/bin/../../lib\libm-elf.a(addsf3.eo) (__funpack2)
c:/program files (x86)/microchip/xc16/v1.26/bin/bin/../../lib\libm-elf.a(futil.eo)
                              c:/program files (x86)/microchip/xc16/v1.26/bin/bin/../../lib\libm-elf.a(addsf3.eo) (__fPropagateNaN)
c:/program files (x86)/microchip/xc16/v1.26/bin/bin/../../lib\libm-elf.a(mulsf3.eo)
                              build/default/production/UVsensor.o (___mulsf3)
c:/program files (x86)/microchip/xc16/v1.26/bin/bin/../../lib\libm-elf.a(udivsi3.eo)
                              build/default/production/UART.o (___udivsi3)
c:/program files (x86)/microchip/xc16/v1.26/bin/bin/../../lib\libm-elf.a(floatdisf.eo)
                              c:/program files (x86)/microchip/xc16/v1.26/bin/bin/../../lib\libm-elf.a(floatsisf.eo) (___floatdisf)
c:/program files (x86)/microchip/xc16/v1.26/bin/bin/../../lib\libm-elf.a(floatundisf.eo)
                              c:/program files (x86)/microchip/xc16/v1.26/bin/bin/../../lib\libm-elf.a(floatunsisf.eo) (___floatundisf)
c:/program files (x86)/microchip/xc16/v1.26/bin/bin/../../lib\liblega-c-elf.a(xstoul.XXeo)
                              build/default/production/PiComm.o (__Stoul)
c:/program files (x86)/microchip/xc16/v1.26/bin/bin/../../lib\liblega-c-elf.a(isspace.XXelso)
                              c:/program files (x86)/microchip/xc16/v1.26/bin/bin/../../lib\liblega-c-elf.a(xstoul.XXeo) (_isspace)
c:/program files (x86)/microchip/xc16/v1.26/bin/bin/../../lib\liblega-c-elf.a(tolower.XXelso)
                              c:/program files (x86)/microchip/xc16/v1.26/bin/bin/../../lib\liblega-c-elf.a(xstoul.XXeo) (_tolower)
c:/program files (x86)/microchip/xc16/v1.26/bin/bin/../../lib\liblega-c-elf.a(errno.XXelo)
                              c:/program files (x86)/microchip/xc16/v1.26/bin/bin/../../lib\liblega-c-elf.a(xstoul.XXeo) (_errno)
c:/program files (x86)/microchip/xc16/v1.26/bin/bin/../../lib\liblega-c-elf.a(sprintf_cdnopuxX.XXeo)
                              build/default/production/UVsensor.o (__sprintf_cdnopuxX)
c:/program files (x86)/microchip/xc16/v1.26/bin/bin/../../lib\liblega-c-elf.a(xprintf_cdnopuxX.XXeo)
                              c:/program files (x86)/microchip/xc16/v1.26/bin/bin/../../lib\liblega-c-elf.a(sprintf_cdnopuxX.XXeo) (___Printf_cdnopuxX)
c:/program files (x86)/microchip/xc16/v1.26/bin/bin/../../lib\liblega-c-elf.a(xputfld_cdnopuxX.XXeo)
                              c:/program files (x86)/microchip/xc16/v1.26/bin/bin/../../lib\liblega-c-elf.a(xprintf_cdnopuxX.XXeo) (___Putfld_cdnopuxX)
c:/program files (x86)/microchip/xc16/v1.26/bin/bin/../../lib\liblega-c-elf.a(sprintf_cdfFnopuxX.XXeo)
                              build/default/production/TPsensor.o (__sprintf_cdfFnopuxX)
c:/program files (x86)/microchip/xc16/v1.26/bin/bin/../../lib\liblega-c-elf.a(xprintf_cdfFnopuxX.XXeo)
                              c:/program files (x86)/microchip/xc16/v1.26/bin/bin/../../lib\liblega-c-elf.a(sprintf_cdfFnopuxX.XXeo) (___Printf_cdfFnopuxX)
c:/program files (x86)/microchip/xc16/v1.26/bin/bin/../../lib\liblega-c-elf.a(xputfld_cdfFnopuxX.XXeo)
                              c:/program files (x86)/microchip/xc16/v1.26/bin/bin/../../lib\liblega-c-elf.a(xprintf_cdfFnopuxX.XXeo) (___Putfld_cdfFnopuxX)
c:/program files (x86)/microchip/xc16/v1.26/bin/bin/../../lib\liblega-c-elf.a(xldtob_cdfFnopuxX.XXeo)
                              c:/program files (x86)/microchip/xc16/v1.26/bin/bin/../../lib\liblega-c-elf.a(xputfld_cdfFnopuxX.XXeo) (___Ldtob_cdfFnopuxX)
c:/program files (x86)/microchip/xc16/v1.26/bin/bin/../../lib\liblega-c-elf.a(xgenld_cdfFnopuxX.XXeo)
                              c:/program files (x86)/microchip/xc16/v1.26/bin/bin/../../lib\liblega-c-elf.a(xldtob_cdfFnopuxX.XXeo) (___Genld_cdfFnopuxX)
c:/program files (x86)/microchip/xc16/v1.26/bin/bin/../../lib\liblega-c-elf.a(sprintf_cdfFnopsuxX.XXeo)
                              (__sprintf_cdfFnopsuxX)
c:/program files (x86)/microchip/xc16/v1.26/bin/bin/../../lib\liblega-c-elf.a(xprintf_cdfFnopsuxX.XXeo)
                              c:/program files (x86)/microchip/xc16/v1.26/bin/bin/../../lib\liblega-c-elf.a(sprintf_cdfFnopsuxX.XXeo) (___Printf_cdfFnopsuxX)
c:/program files (x86)/microchip/xc16/v1.26/bin/bin/../../lib\liblega-c-elf.a(xputfld_cdfFnopsuxX.XXeo)
                              c:/program files (x86)/microchip/xc16/v1.26/bin/bin/../../lib\liblega-c-elf.a(xprintf_cdfFnopsuxX.XXeo) (___Putfld_cdfFnopsuxX)
c:/program files (x86)/microchip/xc16/v1.26/bin/bin/../../lib\liblega-c-elf.a(xldtob_cdfFnopsuxX.XXeo)
                              c:/program files (x86)/microchip/xc16/v1.26/bin/bin/../../lib\liblega-c-elf.a(xputfld_cdfFnopsuxX.XXeo) (___Ldtob_cdfFnopsuxX)
c:/program files (x86)/microchip/xc16/v1.26/bin/bin/../../lib\liblega-c-elf.a(xgenld_cdfFnopsuxX.XXeo)
                              c:/program files (x86)/microchip/xc16/v1.26/bin/bin/../../lib\liblega-c-elf.a(xldtob_cdfFnopsuxX.XXeo) (___Genld_cdfFnopsuxX)
c:/program files (x86)/microchip/xc16/v1.26/bin/bin/../../lib\liblega-c-elf.a(sprintf_fF.XXeo)
                              build/default/production/TPsensor.o (__sprintf_fF)
c:/program files (x86)/microchip/xc16/v1.26/bin/bin/../../lib\liblega-c-elf.a(xprintf_fF.XXeo)
                              c:/program files (x86)/microchip/xc16/v1.26/bin/bin/../../lib\liblega-c-elf.a(sprintf_fF.XXeo) (___Printf_fF)
c:/program files (x86)/microchip/xc16/v1.26/bin/bin/../../lib\liblega-c-elf.a(xputfld_fF.XXeo)
                              c:/program files (x86)/microchip/xc16/v1.26/bin/bin/../../lib\liblega-c-elf.a(xprintf_fF.XXeo) (___Putfld_fF)
c:/program files (x86)/microchip/xc16/v1.26/bin/bin/../../lib\liblega-c-elf.a(xldtob_fF.XXeo)
                              c:/program files (x86)/microchip/xc16/v1.26/bin/bin/../../lib\liblega-c-elf.a(xputfld_fF.XXeo) (___Ldtob_fF)
c:/program files (x86)/microchip/xc16/v1.26/bin/bin/../../lib\liblega-c-elf.a(xgenld_fF.XXeo)
                              c:/program files (x86)/microchip/xc16/v1.26/bin/bin/../../lib\liblega-c-elf.a(xldtob_fF.XXeo) (___Genld_fF)
c:/program files (x86)/microchip/xc16/v1.26/bin/bin/../../lib\liblega-c-elf.a(sprintf_s.XXeo)
                              build/default/production/GPS.o (__sprintf_s)
c:/program files (x86)/microchip/xc16/v1.26/bin/bin/../../lib\liblega-c-elf.a(xprintf_s.XXeo)
                              c:/program files (x86)/microchip/xc16/v1.26/bin/bin/../../lib\liblega-c-elf.a(sprintf_s.XXeo) (___Printf_s)
c:/program files (x86)/microchip/xc16/v1.26/bin/bin/../../lib\liblega-c-elf.a(xputfld_s.XXeo)
                              c:/program files (x86)/microchip/xc16/v1.26/bin/bin/../../lib\liblega-c-elf.a(xprintf_s.XXeo) (___Putfld_s)
c:/program files (x86)/microchip/xc16/v1.26/bin/bin/../../lib\liblega-c-elf.a(div.XXeo)
                              c:/program files (x86)/microchip/xc16/v1.26/bin/bin/../../lib\liblega-c-elf.a(xgenld_cdfFnopuxX.XXeo) (_div)
c:/program files (x86)/microchip/xc16/v1.26/bin/bin/../../lib\liblega-c-elf.a(ldiv.XXeo)
                              c:/program files (x86)/microchip/xc16/v1.26/bin/bin/../../lib\liblega-c-elf.a(xldtob_cdfFnopuxX.XXeo) (_ldiv)
c:/program files (x86)/microchip/xc16/v1.26/bin/bin/../../lib\liblega-c-elf.a(memchr.XXeo)
                              c:/program files (x86)/microchip/xc16/v1.26/bin/bin/../../lib\liblega-c-elf.a(xstoul.XXeo) (_memchr)
c:/program files (x86)/microchip/xc16/v1.26/bin/bin/../../lib\liblega-c-elf.a(memcpy.XXeo)
                              c:/program files (x86)/microchip/xc16/v1.26/bin/bin/../../lib\liblega-c-elf.a(sprintf_cdnopuxX.XXeo) (_memcpy)
c:/program files (x86)/microchip/xc16/v1.26/bin/bin/../../lib\liblega-c-elf.a(strchr.XXeo)
                              c:/program files (x86)/microchip/xc16/v1.26/bin/bin/../../lib\liblega-c-elf.a(xprintf_cdnopuxX.XXeo) (_strchr)
c:/program files (x86)/microchip/xc16/v1.26/bin/bin/../../lib\liblega-c-elf.a(strlen.XXeo)
                              c:/program files (x86)/microchip/xc16/v1.26/bin/bin/../../lib\liblega-c-elf.a(xputfld_cdfFnopsuxX.XXeo) (_strlen)
c:/program files (x86)/microchip/xc16/v1.26/bin/bin/../../lib\liblega-c-elf.a(xldunsca.XXeo)
                              c:/program files (x86)/microchip/xc16/v1.26/bin/bin/../../lib\liblega-c-elf.a(xldtob_cdfFnopuxX.XXeo) (__LDunscale)
c:/program files (x86)/microchip/xc16/v1.26/bin/bin/../../lib\liblega-c-elf.a(xlitob.XXeo)
                              c:/program files (x86)/microchip/xc16/v1.26/bin/bin/../../lib\liblega-c-elf.a(xputfld_cdnopuxX.XXeo) (__Litob)
c:/program files (x86)/microchip/xc16/v1.26/bin/bin/../../lib\liblega-c-elf.a(xputtxt.XXeo)
                              c:/program files (x86)/microchip/xc16/v1.26/bin/bin/../../lib\liblega-c-elf.a(xprintf_cdnopuxX.XXeo) (__Puttxt)
c:/program files (x86)/microchip/xc16/v1.26/bin/bin/../../lib\liblega-c-elf.a(xvacopy.XXeo)
                              c:/program files (x86)/microchip/xc16/v1.26/bin/bin/../../lib\liblega-c-elf.a(xprintf_cdnopuxX.XXeo) (__Vacopy)
c:/program files (x86)/microchip/xc16/v1.26/bin/bin/../../lib\liblega-c-elf.a(xdnorm.XXelo)
                              c:/program files (x86)/microchip/xc16/v1.26/bin/bin/../../lib\liblega-c-elf.a(xldunsca.XXeo) (__Dnorm)
c:/program files (x86)/microchip/xc16/v1.26/bin/bin/../../lib\libm-elf.a(deqltle.eo)
                              c:/program files (x86)/microchip/xc16/v1.26/bin/bin/../../lib\liblega-c-elf.a(xldtob_cdfFnopuxX.XXeo) (___ltdf2)
c:/program files (x86)/microchip/xc16/v1.26/bin/bin/../../lib\libm-elf.a(dgtge.eo)
                              c:/program files (x86)/microchip/xc16/v1.26/bin/bin/../../lib\liblega-c-elf.a(xldtob_cdfFnopuxX.XXeo) (___gtdf2)
c:/program files (x86)/microchip/xc16/v1.26/bin/bin/../../lib\libm-elf.a(divdf3.eo)
                              c:/program files (x86)/microchip/xc16/v1.26/bin/bin/../../lib\liblega-c-elf.a(xldtob_cdfFnopuxX.XXeo) (___divdf3)
c:/program files (x86)/microchip/xc16/v1.26/bin/bin/../../lib\libm-elf.a(dpack.eo)
                              c:/program files (x86)/microchip/xc16/v1.26/bin/bin/../../lib\libm-elf.a(divdf3.eo) (__dpack)
c:/program files (x86)/microchip/xc16/v1.26/bin/bin/../../lib\libm-elf.a(dunpack2.eo)
                              c:/program files (x86)/microchip/xc16/v1.26/bin/bin/../../lib\libm-elf.a(divdf3.eo) (__dunpack2)
c:/program files (x86)/microchip/xc16/v1.26/bin/bin/../../lib\libm-elf.a(extendsfdf.eo)
                              c:/program files (x86)/microchip/xc16/v1.26/bin/bin/../../lib\liblega-c-elf.a(xputfld_cdfFnopuxX.XXeo) (___extendsfdf2)
c:/program files (x86)/microchip/xc16/v1.26/bin/bin/../../lib\libm-elf.a(fixdfsi.eo)
                              c:/program files (x86)/microchip/xc16/v1.26/bin/bin/../../lib\liblega-c-elf.a(xldtob_cdfFnopuxX.XXeo) (_(float, int, long long, double, float, short, int))
c:/program files (x86)/microchip/xc16/v1.26/bin/bin/../../lib\libm-elf.a(floatsidf.eo)
                              c:/program files (x86)/microchip/xc16/v1.26/bin/bin/../../lib\liblega-c-elf.a(xldtob_cdfFnopuxX.XXeo) (___floatsidf)
c:/program files (x86)/microchip/xc16/v1.26/bin/bin/../../lib\libm-elf.a(muldf3.eo)
                              c:/program files (x86)/microchip/xc16/v1.26/bin/bin/../../lib\liblega-c-elf.a(xldtob_cdfFnopuxX.XXeo) (___muldf3)
c:/program files (x86)/microchip/xc16/v1.26/bin/bin/../../lib\libm-elf.a(subdf3.eo)
                              c:/program files (x86)/microchip/xc16/v1.26/bin/bin/../../lib\liblega-c-elf.a(xldtob_cdfFnopuxX.XXeo) (___subdf3)
c:/program files (x86)/microchip/xc16/v1.26/bin/bin/../../lib\libm-elf.a(umodsi3.eo)
                              c:/program files (x86)/microchip/xc16/v1.26/bin/bin/../../lib\liblega-c-elf.a(xlitob.XXeo) (___umodsi3)
c:/program files (x86)/microchip/xc16/v1.26/bin/bin/../../lib\libm-elf.a(mulsi3.eo)
                              c:/program files (x86)/microchip/xc16/v1.26/bin/bin/../../lib\liblega-c-elf.a(xstoul.XXeo) (___mulsi3)
c:/program files (x86)/microchip/xc16/v1.26/bin/bin/../../lib\libm-elf.a(divmoddi3.eo)
                              c:/program files (x86)/microchip/xc16/v1.26/bin/bin/../../lib\liblega-c-elf.a(xlitob.XXeo) (___udivdi3)
c:/program files (x86)/microchip/xc16/v1.26/bin/bin/../../lib\libm-elf.a(adddf3.eo)
                              c:/program files (x86)/microchip/xc16/v1.26/bin/bin/../../lib\libm-elf.a(subdf3.eo) (___adddf3)
c:/program files (x86)/microchip/xc16/v1.26/bin/bin/../../lib\libm-elf.a(dcompare.eo)
                              c:/program files (x86)/microchip/xc16/v1.26/bin/bin/../../lib\libm-elf.a(deqltle.eo) (__dcompare)
c:/program files (x86)/microchip/xc16/v1.26/bin/bin/../../lib\libm-elf.a(dpropagateNaN.eo)
                              c:/program files (x86)/microchip/xc16/v1.26/bin/bin/../../lib\libm-elf.a(dunpack2.eo) (__dPropagateNaN)
c:/program files (x86)/microchip/xc16/v1.26/bin/bin/../../lib\libm-elf.a(dtype.eo)
                              c:/program files (x86)/microchip/xc16/v1.26/bin/bin/../../lib\libm-elf.a(dcompare.eo) (__dtype)
c:/program files (x86)/microchip/xc16/v1.26/bin/bin/../../lib\libm-elf.a(dunpack.eo)
                              c:/program files (x86)/microchip/xc16/v1.26/bin/bin/../../lib\libm-elf.a(dunpack2.eo) (__dunpack)
c:/program files (x86)/microchip/xc16/v1.26/bin/bin/../../lib\libm-elf.a(floatdidf.eo)
                              c:/program files (x86)/microchip/xc16/v1.26/bin/bin/../../lib\libm-elf.a(floatsidf.eo) (___floatdidf)
c:/program files (x86)/microchip/xc16/v1.26/bin/bin/../../lib\libm-elf.a(floatundidf.eo)
                              c:/program files (x86)/microchip/xc16/v1.26/bin/bin/../../lib\libm-elf.a(floatdidf.eo) (___floatundidf)


Selected CodeGuard Options:
  FGS:GWRP:OFF
  FGS:GCP:OFF
  FBS:BWRP:OFF
  FBS:BSS:OFF

CodeGuard FLASH Memory:
  boot    (none)
  secure  (none)
  general 0x200 to 0x2bfe

CodeGuard RAM Memory:
  general 0x800 to 0xdff
  secure  (none)
  boot    (none)

CodeGuard EEPROM Memory:
  general 0x7ffe00 to 0x7fffff
  secure  (none)
  boot    (none)


xc16-ld 1.26 (A)

Program Memory  [Origin = 0x200, Length = 0x2a00]

section                    address   length (PC units)   length (bytes) (dec)
-------                    -------   -----------------   --------------------
.text                        0x200              0x1a98          0x27e4  (10212)
.const                      0x1c98                0xc2           0x123  (291)
.text                       0x1d5a               0x94e           0xdf5  (3573)
.dinit                      0x26a8                0xc0           0x120  (288)
.text                       0x2768               0x140           0x1e0  (480)
.init.delay32               0x28a8                0x1c            0x2a  (42)
.shared.dinit               0x28c4                 0x2             0x3  (3)

                 Total program memory used (bytes):         0x3a29  (14889) 92%


Data Memory  [Origin = 0x800, Length = 0x600]

section                    address      alignment gaps    total length  (dec)
-------                    -------      --------------    -------------------
.data                        0x800                   0            0xde  (222)
.bss                         0x8de                   0             0x4  (4)
.data                        0x8e2                   0             0x2  (2)

                 Total data memory used (bytes):           0xe4  (228) 14%


Dynamic Memory Usage

region                     address                      maximum length  (dec)
------                     -------                      ---------------------
heap                             0                                   0  (0)
stack                        0x8e4                               0x51c  (1308)

                 Maximum dynamic memory (bytes):          0x51c  (1308)


External Symbols in Data Memory (by address):

                    0x08de                  _errno
                    0x08e0                  __Tls_setup_errno

External Symbols in Data Memory (by name):

                    0x08e0                  __Tls_setup_errno
                    0x08de                  _errno

External Symbols in Program Memory (by address):

                  0x000200                  __resetPRI
                  0x00022c                  __psv_init
                  0x00023c                  __data_init
                  0x00023c                  __data_init_standard
                  0x0002ac                  __DefaultInterrupt
                  0x0002b0                  ___subsf3
                  0x0002b2                  ___addsf3
                  0x00036c                  ___divsf3
                  0x0003f0                  ___divsi3
                  0x00040e                  ___fixunssfsi
                  0x000444                  ___floatsisf
                  0x00044a                  ___floatunsisf
                  0x00044e                  __fpack
                  0x00049a                  __funpack
                  0x0004c4                  __funpack2
                  0x0004d4                  __fPropagateNaN
                  0x0004e6                  __fbopExit
                  0x0004ee                  __fbopReturnNaN
                  0x0004f4                  ___mulsf3
                  0x00055c                  ___udivsi3
                  0x00057c                  ___floatdisf
                  0x00059c                  ___floatundisf
                  0x0005fa                  __Stoul
                  0x00072e                  _isspace
                  0x00073e                  _tolower
                  0x00074c                  __Geterrno
                  0x000758                  sprintf_cdfFnopsuxX.XXeo:_prout
                  0x000766                  __sprintf_cdnopuxX
                  0x000766                  __sprintf_cdfFnopsuxX
                  0x000766                  __sprintf_fF
                  0x000766                  __sprintf_0
                  0x000766                  __sprintf_cdfFnopuxX
                  0x000766                  __sprintf_s
                  0x000784                  ___Printf_cdnopuxX
                  0x000784                  ___Printf_cdfFnopsuxX
                  0x000784                  ___Printf_fF
                  0x000784                  ___Printf_cdfFnopuxX
                  0x000784                  ___Printf_s
                  0x0008e8                  ___Putfld_cdfFnopsuxX
                  0x0008e8                  ___Putfld_s
                  0x0008e8                  ___Putfld_cdfFnopuxX
                  0x0008e8                  ___Putfld_cdnopuxX
                  0x0008e8                  ___Putfld_fF
                  0x000bb2                  ___Ldtob_cdfFnopsuxX
                  0x000bb2                  ___Ldtob_cdfFnopuxX
                  0x000bb2                  ___Ldtob_fF
                  0x000e02                  ___Genld_cdfFnopsuxX
                  0x000e02                  ___Genld_fF
                  0x000e02                  ___Genld_cdfFnopuxX
                  0x00100a                  _div
                  0x001020                  _ldiv
                  0x00104a                  _memchr
                  0x00105e                  _memcpy
                  0x00106c                  _strchr
                  0x001084                  _strlen
                  0x001090                  __LDunscale
                  0x0010e4                  __Litob
                  0x001342                  __Puttxt
                  0x0014ba                  __Vacopy
                  0x0014be                  __Dnorm
                  0x001556                  ___ltdf2
                  0x001556                  ___eqdf2
                  0x001556                  ___ledf2
                  0x001560                  ___gtdf2
                  0x001560                  ___gedf2
                  0x00156a                  ___divdf3
                  0x00161e                  __dpack
                  0x001676                  __dunpack2
                  0x001698                  __dreturnNaN
                  0x00169e                  __dunpack2exit
                  0x0016a8                  ___extendsfdf2
                  0x0016e6                  ___fixdfsi
                  0x00173e                  ___floatsidf
                  0x001744                  ___muldf3
                  0x00182e                  ___subdf3
                  0x001832                  ___umodsi3
                  0x001838                  ___mulsi3
                  0x001838                  ___mulp32eds3
                  0x001838                  ___mulp32peds3
                  0x001890                  ___udivmoddi3
                  0x001976                  ___udivdi3
                  0x001984                  ___umoddi3
                  0x00198c                  ___divdi3
                  0x0019ec                  ___moddi3
                  0x001a48                  ___adddf3
                  0x001b42                  __dcompare
                  0x001b94                  __dPropagateNaN
                  0x001bb0                  __dtype
                  0x001bd4                  __dunpack
                  0x001c22                  ___floatdidf
                  0x001c42                  ___floatundidf
                  0x001d5a                  _init_I2C
                  0x001d72                  _restart_I2C
                  0x001da0                  _start_I2C
                  0x001dd6                  _reset_I2C
                  0x001e0c                  _sendByte_I2C
                  0x001e6c                  _read_I2C
                  0x001e9a                  _read_ack_I2C
                  0x001ed0                  _poll_I2C
                  0x001eea                  _readSCast
                  0x001f02                  _readCast
                  0x001f14                  _readS16
                  0x001f2a                  _read16
                  0x001f6e                  _getTemp
                  0x001ff4                  _getPressure
                  0x0022d2                  _getUT
                  0x0022f6                  _getUP
                  0x00231a                  _readCoefficients
                  0x00238c                  _readSUP16
                  0x0023a2                  _readUP16
                  0x0023fc                  _getTempString
                  0x00247e                  _getPressString
                  0x0024aa                  _main
                  0x0025c6                  _init_osc
                  0x0025d6                  _UART1_init
                  0x0025f6                  _UART2_init
                  0x002616                  _UART1_PutChar
                  0x00262e                  _UART2_PutChar
                  0x002646                  _UART1_GetChar
                  0x002668                  _UART2_GetChar
                  0x00268a                  _sendArray
                  0x002768                  _GPS_init
                  0x002778                  _getGPSsentence
                  0x0027d4                  _sendCommand
                  0x0027f2                  _AD_Init
                  0x00280c                  _getUVindex
                  0x002856                  _sendPiCommand
                  0x002874                  _getPiCommand
                  0x0028a8                  ___delay32
                  0xf80000                  __FBS.sec
                  0xf80004                  __FGS.sec

External Symbols in Program Memory (by name):

                  0x0027f2                  _AD_Init
                  0x002768                  _GPS_init
                  0x002646                  _UART1_GetChar
                  0x002616                  _UART1_PutChar
                  0x0025d6                  _UART1_init
                  0x002668                  _UART2_GetChar
                  0x00262e                  _UART2_PutChar
                  0x0025f6                  _UART2_init
                  0x0002ac                  __DefaultInterrupt
                  0x0014be                  __Dnorm
                  0xf80000                  __FBS.sec
                  0xf80004                  __FGS.sec
                  0x00074c                  __Geterrno
                  0x001090                  __LDunscale
                  0x0010e4                  __Litob
                  0x001342                  __Puttxt
                  0x0005fa                  __Stoul
                  0x0014ba                  __Vacopy
                  0x000e02                  ___Genld_cdfFnopsuxX
                  0x000e02                  ___Genld_cdfFnopuxX
                  0x000e02                  ___Genld_fF
                  0x000bb2                  ___Ldtob_cdfFnopsuxX
                  0x000bb2                  ___Ldtob_cdfFnopuxX
                  0x000bb2                  ___Ldtob_fF
                  0x000784                  ___Printf_cdfFnopsuxX
                  0x000784                  ___Printf_cdfFnopuxX
                  0x000784                  ___Printf_cdnopuxX
                  0x000784                  ___Printf_fF
                  0x000784                  ___Printf_s
                  0x0008e8                  ___Putfld_cdfFnopsuxX
                  0x0008e8                  ___Putfld_cdfFnopuxX
                  0x0008e8                  ___Putfld_cdnopuxX
                  0x0008e8                  ___Putfld_fF
                  0x0008e8                  ___Putfld_s
                  0x001a48                  ___adddf3
                  0x0002b2                  ___addsf3
                  0x0028a8                  ___delay32
                  0x00156a                  ___divdf3
                  0x00198c                  ___divdi3
                  0x00036c                  ___divsf3
                  0x0003f0                  ___divsi3
                  0x001556                  ___eqdf2
                  0x0016a8                  ___extendsfdf2
                  0x0016e6                  ___fixdfsi
                  0x00040e                  ___fixunssfsi
                  0x001c22                  ___floatdidf
                  0x00057c                  ___floatdisf
                  0x00173e                  ___floatsidf
                  0x000444                  ___floatsisf
                  0x001c42                  ___floatundidf
                  0x00059c                  ___floatundisf
                  0x00044a                  ___floatunsisf
                  0x001560                  ___gedf2
                  0x001560                  ___gtdf2
                  0x001556                  ___ledf2
                  0x001556                  ___ltdf2
                  0x0019ec                  ___moddi3
                  0x001744                  ___muldf3
                  0x001838                  ___mulp32eds3
                  0x001838                  ___mulp32peds3
                  0x0004f4                  ___mulsf3
                  0x001838                  ___mulsi3
                  0x00182e                  ___subdf3
                  0x0002b0                  ___subsf3
                  0x001976                  ___udivdi3
                  0x001890                  ___udivmoddi3
                  0x00055c                  ___udivsi3
                  0x001984                  ___umoddi3
                  0x001832                  ___umodsi3
                  0x001b94                  __dPropagateNaN
                  0x00023c                  __data_init
                  0x00023c                  __data_init_standard
                  0x001b42                  __dcompare
                  0x00161e                  __dpack
                  0x001698                  __dreturnNaN
                  0x001bb0                  __dtype
                  0x001bd4                  __dunpack
                  0x001676                  __dunpack2
                  0x00169e                  __dunpack2exit
                  0x0004d4                  __fPropagateNaN
                  0x0004e6                  __fbopExit
                  0x0004ee                  __fbopReturnNaN
                  0x00044e                  __fpack
                  0x00049a                  __funpack
                  0x0004c4                  __funpack2
                  0x00022c                  __psv_init
                  0x000200                  __resetPRI
                  0x000766                  __sprintf_0
                  0x000766                  __sprintf_cdfFnopsuxX
                  0x000766                  __sprintf_cdfFnopuxX
                  0x000766                  __sprintf_cdnopuxX
                  0x000766                  __sprintf_fF
                  0x000766                  __sprintf_s
                  0x00100a                  _div
                  0x002778                  _getGPSsentence
                  0x002874                  _getPiCommand
                  0x00247e                  _getPressString
                  0x001ff4                  _getPressure
                  0x001f6e                  _getTemp
                  0x0023fc                  _getTempString
                  0x0022f6                  _getUP
                  0x0022d2                  _getUT
                  0x00280c                  _getUVindex
                  0x001d5a                  _init_I2C
                  0x0025c6                  _init_osc
                  0x00072e                  _isspace
                  0x001020                  _ldiv
                  0x0024aa                  _main
                  0x00104a                  _memchr
                  0x00105e                  _memcpy
                  0x001ed0                  _poll_I2C
                  0x001f2a                  _read16
                  0x001f02                  _readCast
                  0x00231a                  _readCoefficients
                  0x001f14                  _readS16
                  0x001eea                  _readSCast
                  0x00238c                  _readSUP16
                  0x0023a2                  _readUP16
                  0x001e6c                  _read_I2C
                  0x001e9a                  _read_ack_I2C
                  0x001dd6                  _reset_I2C
                  0x001d72                  _restart_I2C
                  0x00268a                  _sendArray
                  0x001e0c                  _sendByte_I2C
                  0x0027d4                  _sendCommand
                  0x002856                  _sendPiCommand
                  0x001da0                  _start_I2C
                  0x00106c                  _strchr
                  0x001084                  _strlen
                  0x00073e                  _tolower
                  0x000758                  sprintf_cdfFnopsuxX.XXeo:_prout

Memory Configuration

Name             Origin             Length             Attributes
data             0x000800           0x000600           a !xr
reset            0x000000           0x000004  
ivt              0x000004           0x0000fc  
_reserved        0x000100           0x000004  
aivt             0x000104           0x0000fc  
program          0x000200           0x002a00           xr
eedata           0x7ffe00           0x000200  
FBS              0xf80000           0x000002  
FGS              0xf80004           0x000002  
FOSCSEL          0xf80006           0x000002  
FOSC             0xf80008           0x000002  
FWDT             0xf8000a           0x000002  
FPOR             0xf8000c           0x000002  
FICD             0xf8000e           0x000002  
FDS              0xf80010           0x000002  
*default*        0x000000           0xffffffff  

Linker script and memory map

LOAD build/default/production/main.o
LOAD build/default/production/UART.o
LOAD build/default/production/GPS.o
LOAD build/default/production/UVsensor.o
LOAD build/default/production/TPsensor.o
LOAD build/default/production/PiComm.o
                    0x0001                  __MPLAB_BUILD = 0x1
LOAD pPIC24Fxxx
LOAD c:/program files (x86)/microchip/xc16/v1.26/bin/bin/../../lib\libfx-elf.a
                    0xf80000                  __FBS = 0xf80000
                    0xf80004                  __FGS = 0xf80004
                    0xf80006                  __FOSCSEL = 0xf80006
                    0xf80008                  __FOSC = 0xf80008
                    0xf8000a                  __FWDT = 0xf8000a
                    0xf8000c                  __FPOR = 0xf8000c
                    0xf8000e                  __FICD = 0xf8000e
                    0xf80010                  __FDS = 0xf80010
                    0x0001                  __NO_HANDLES = 0x1
                    0x0200                  __CODE_BASE = 0x200
                    0x2a00                  __CODE_LENGTH = 0x2a00
                    0x0004                  __IVT_BASE = 0x4
                    0x0104                  __AIVT_BASE = 0x104
                    0x0800                  __DATA_BASE = 0x800
                    0x0600                  __DATA_LENGTH = 0x600

.reset            0x000000          0x4
                  0x000000          0x2 SHORT 0x200 ABSOLUTE (__reset)
                  0x000001          0x2 SHORT 0x4
                  0x000002          0x2 SHORT 0x0 ((ABSOLUTE (__reset) >> 0x10) & 0x7f)
                  0x000003          0x2 SHORT 0x0

.text             0x000200       0x1a98
 *(.init)
 .init            0x000200         0x3c c:/program files (x86)/microchip/xc16/v1.26/bin/bin/../../lib\liblega-pic30-elf.a(crt0_standard.o)
                  0x000200                  __resetPRI
                  0x000200                  __reset
                  0x00022c                  __psv_init
 .init            0x00023c         0x6c c:/program files (x86)/microchip/xc16/v1.26/bin/bin/../../lib\liblega-pic30-elf.a(data_init_standard.o)
                  0x00023c                  __data_init_standard
                  0x00023c                  __data_init
 *(.user_init)
 *(.handle)
 *(.isr*)
 .isr             0x0002ac          0x4 default_isr
                  0x0002ac                  __DefaultInterrupt
 *(.libc)
 *(.libm)
 *(.libdsp)
 *(.lib*)
 .libm.subsf3     0x0002b0         0xbc c:/program files (x86)/microchip/xc16/v1.26/bin/bin/../../lib\libm-elf.a(addsf3.eo)
                  0x0002b0                  ___subsf3
                  0x0002b2                  ___addsf3
 .libm.divfs3     0x00036c         0x84 c:/program files (x86)/microchip/xc16/v1.26/bin/bin/../../lib\libm-elf.a(divsf3.eo)
                  0x00036c                  ___divsf3
 .libm.divsi3     0x0003f0         0x1e c:/program files (x86)/microchip/xc16/v1.26/bin/bin/../../lib\libm-elf.a(divsi3.eo)
                  0x0003f0                  ___divsi3
 .libm.fixunssfsi
                  0x00040e         0x36 c:/program files (x86)/microchip/xc16/v1.26/bin/bin/../../lib\libm-elf.a(fixunssfsi.eo)
                  0x00040e                  ___fixunssfsi
 .libm.floatsisf
                  0x000444          0x6 c:/program files (x86)/microchip/xc16/v1.26/bin/bin/../../lib\libm-elf.a(floatsisf.eo)
                  0x000444                  ___floatsisf
 .libm.floatunsisf
                  0x00044a          0x4 c:/program files (x86)/microchip/xc16/v1.26/bin/bin/../../lib\libm-elf.a(floatunsisf.eo)
                  0x00044a                  ___floatunsisf
 .libm.fpack      0x00044e         0x4c c:/program files (x86)/microchip/xc16/v1.26/bin/bin/../../lib\libm-elf.a(fpack.eo)
                  0x00044e                  __fpack
 .libm.funpack    0x00049a         0x2a c:/program files (x86)/microchip/xc16/v1.26/bin/bin/../../lib\libm-elf.a(funpack.eo)
                  0x00049a                  __funpack
 .libm.funpack2
                  0x0004c4         0x10 c:/program files (x86)/microchip/xc16/v1.26/bin/bin/../../lib\libm-elf.a(funpack2.eo)
                  0x0004c4                  __funpack2
 .libm.fPropagateNaN
                  0x0004d4         0x12 c:/program files (x86)/microchip/xc16/v1.26/bin/bin/../../lib\libm-elf.a(futil.eo)
                  0x0004d4                  __fPropagateNaN
 .libm.fbobExit
                  0x0004e6          0x8 c:/program files (x86)/microchip/xc16/v1.26/bin/bin/../../lib\libm-elf.a(futil.eo)
                  0x0004e6                  __fbopExit
 .libm.fbopReturnNaN
                  0x0004ee          0x6 c:/program files (x86)/microchip/xc16/v1.26/bin/bin/../../lib\libm-elf.a(futil.eo)
                  0x0004ee                  __fbopReturnNaN
 .libm.mulsf3     0x0004f4         0x68 c:/program files (x86)/microchip/xc16/v1.26/bin/bin/../../lib\libm-elf.a(mulsf3.eo)
                  0x0004f4                  ___mulsf3
 .libm.udivsi3    0x00055c         0x20 c:/program files (x86)/microchip/xc16/v1.26/bin/bin/../../lib\libm-elf.a(udivsi3.eo)
                  0x00055c                  ___udivsi3
 .libm.floatdisf
                  0x00057c         0x20 c:/program files (x86)/microchip/xc16/v1.26/bin/bin/../../lib\libm-elf.a(floatdisf.eo)
                  0x00057c                  ___floatdisf
 .libm.floatundisf
                  0x00059c         0x5e c:/program files (x86)/microchip/xc16/v1.26/bin/bin/../../lib\libm-elf.a(floatundisf.eo)
                  0x00059c                  ___floatundisf
 .libc._Stoul     0x0005fa        0x134 c:/program files (x86)/microchip/xc16/v1.26/bin/bin/../../lib\liblega-c-elf.a(xstoul.XXeo)
                  0x0005fa                  __Stoul
 .libc.isspace    0x00072e         0x10 c:/program files (x86)/microchip/xc16/v1.26/bin/bin/../../lib\liblega-c-elf.a(isspace.XXelso)
                  0x00072e                  _isspace
 .libc.tolower    0x00073e          0xe c:/program files (x86)/microchip/xc16/v1.26/bin/bin/../../lib\liblega-c-elf.a(tolower.XXelso)
                  0x00073e                  _tolower
 .libc._Geterrno
                  0x00074c          0xc c:/program files (x86)/microchip/xc16/v1.26/bin/bin/../../lib\liblega-c-elf.a(errno.XXelo)
                  0x00074c                  __Geterrno
 .libc.prout      0x000758          0xe c:/program files (x86)/microchip/xc16/v1.26/bin/bin/../../lib\liblega-c-elf.a(sprintf_cdfFnopsuxX.XXeo)
                  0x000758                  sprintf_cdfFnopsuxX.XXeo:_prout
 .libc._sprintf_cdfFnopsuxX
                  0x000766         0x1e c:/program files (x86)/microchip/xc16/v1.26/bin/bin/../../lib\liblega-c-elf.a(sprintf_cdfFnopsuxX.XXeo)
                  0x000766                  __sprintf_cdfFnopuxX
                  0x000766                  __sprintf_cdfFnopsuxX
                  0x000766                  __sprintf_0
                  0x000766                  __sprintf_s
                  0x000766                  __sprintf_cdnopuxX
                  0x000766                  __sprintf_fF
 .libc.__Printf_cdfFnopsuxX
                  0x000784        0x164 c:/program files (x86)/microchip/xc16/v1.26/bin/bin/../../lib\liblega-c-elf.a(xprintf_cdfFnopsuxX.XXeo)
                  0x000784                  ___Printf_cdfFnopuxX
                  0x000784                  ___Printf_s
                  0x000784                  ___Printf_cdfFnopsuxX
                  0x000784                  ___Printf_cdnopuxX
                  0x000784                  ___Printf_fF
 .libc.__Putfld_cdfFnopsuxX
                  0x0008e8        0x2ca c:/program files (x86)/microchip/xc16/v1.26/bin/bin/../../lib\liblega-c-elf.a(xputfld_cdfFnopsuxX.XXeo)
                  0x0008e8                  ___Putfld_fF
                  0x0008e8                  ___Putfld_cdnopuxX
                  0x0008e8                  ___Putfld_cdfFnopuxX
                  0x0008e8                  ___Putfld_cdfFnopsuxX
                  0x0008e8                  ___Putfld_s
 .libc.__Ldtob_cdfFnopsuxX
                  0x000bb2        0x250 c:/program files (x86)/microchip/xc16/v1.26/bin/bin/../../lib\liblega-c-elf.a(xldtob_cdfFnopsuxX.XXeo)
                  0x000bb2                  ___Ldtob_cdfFnopsuxX
                  0x000bb2                  ___Ldtob_fF
                  0x000bb2                  ___Ldtob_cdfFnopuxX
 .libc.__Genld_cdfFnopsuxX
                  0x000e02        0x208 c:/program files (x86)/microchip/xc16/v1.26/bin/bin/../../lib\liblega-c-elf.a(xgenld_cdfFnopsuxX.XXeo)
                  0x000e02                  ___Genld_fF
                  0x000e02                  ___Genld_cdfFnopsuxX
                  0x000e02                  ___Genld_cdfFnopuxX
 .libc.div        0x00100a         0x16 c:/program files (x86)/microchip/xc16/v1.26/bin/bin/../../lib\liblega-c-elf.a(div.XXeo)
                  0x00100a                  _div
 .libc.ldiv       0x001020         0x2a c:/program files (x86)/microchip/xc16/v1.26/bin/bin/../../lib\liblega-c-elf.a(ldiv.XXeo)
                  0x001020                  _ldiv
 .libc.memchr     0x00104a         0x14 c:/program files (x86)/microchip/xc16/v1.26/bin/bin/../../lib\liblega-c-elf.a(memchr.XXeo)
                  0x00104a                  _memchr
 .libc.memcpy     0x00105e          0xe c:/program files (x86)/microchip/xc16/v1.26/bin/bin/../../lib\liblega-c-elf.a(memcpy.XXeo)
                  0x00105e                  _memcpy
 .libc.strchr     0x00106c         0x18 c:/program files (x86)/microchip/xc16/v1.26/bin/bin/../../lib\liblega-c-elf.a(strchr.XXeo)
                  0x00106c                  _strchr
 .libc.strlen     0x001084          0xc c:/program files (x86)/microchip/xc16/v1.26/bin/bin/../../lib\liblega-c-elf.a(strlen.XXeo)
                  0x001084                  _strlen
 .libc._LDunscale
                  0x001090         0x54 c:/program files (x86)/microchip/xc16/v1.26/bin/bin/../../lib\liblega-c-elf.a(xldunsca.XXeo)
                  0x001090                  __LDunscale
 .libc._Litob     0x0010e4        0x25e c:/program files (x86)/microchip/xc16/v1.26/bin/bin/../../lib\liblega-c-elf.a(xlitob.XXeo)
                  0x0010e4                  __Litob
 .libc._Puttxt    0x001342        0x178 c:/program files (x86)/microchip/xc16/v1.26/bin/bin/../../lib\liblega-c-elf.a(xputtxt.XXeo)
                  0x001342                  __Puttxt
 .libc._Vacopy    0x0014ba          0x4 c:/program files (x86)/microchip/xc16/v1.26/bin/bin/../../lib\liblega-c-elf.a(xvacopy.XXeo)
                  0x0014ba                  __Vacopy
 .libc._Dnorm     0x0014be         0x98 c:/program files (x86)/microchip/xc16/v1.26/bin/bin/../../lib\liblega-c-elf.a(xdnorm.XXelo)
                  0x0014be                  __Dnorm
 .libm.eqdf2      0x001556          0xa c:/program files (x86)/microchip/xc16/v1.26/bin/bin/../../lib\libm-elf.a(deqltle.eo)
                  0x001556                  ___eqdf2
                  0x001556                  ___ltdf2
                  0x001556                  ___ledf2
 .libm.gtdf2      0x001560          0xa c:/program files (x86)/microchip/xc16/v1.26/bin/bin/../../lib\libm-elf.a(dgtge.eo)
                  0x001560                  ___gtdf2
                  0x001560                  ___gedf2
 .libm.divdf3     0x00156a         0xb4 c:/program files (x86)/microchip/xc16/v1.26/bin/bin/../../lib\libm-elf.a(divdf3.eo)
                  0x00156a                  ___divdf3
 .libm.dpack      0x00161e         0x58 c:/program files (x86)/microchip/xc16/v1.26/bin/bin/../../lib\libm-elf.a(dpack.eo)
                  0x00161e                  __dpack
 .libm.dunpack2
                  0x001676         0x32 c:/program files (x86)/microchip/xc16/v1.26/bin/bin/../../lib\libm-elf.a(dunpack2.eo)
                  0x001676                  __dunpack2
                  0x001698                  __dreturnNaN
                  0x00169e                  __dunpack2exit
 .libm.extendsfdf2
                  0x0016a8         0x3e c:/program files (x86)/microchip/xc16/v1.26/bin/bin/../../lib\libm-elf.a(extendsfdf.eo)
                  0x0016a8                  ___extendsfdf2
 .libm.fixdfsi    0x0016e6         0x58 c:/program files (x86)/microchip/xc16/v1.26/bin/bin/../../lib\libm-elf.a(fixdfsi.eo)
                  0x0016e6                  _(float, int, long long, double, float, short, int)
 .libm.floatsidf
                  0x00173e          0x6 c:/program files (x86)/microchip/xc16/v1.26/bin/bin/../../lib\libm-elf.a(floatsidf.eo)
                  0x00173e                  ___floatsidf
 .libm.muldf3     0x001744         0xea c:/program files (x86)/microchip/xc16/v1.26/bin/bin/../../lib\libm-elf.a(muldf3.eo)
                  0x001744                  ___muldf3
 .libm.subdf3     0x00182e          0x4 c:/program files (x86)/microchip/xc16/v1.26/bin/bin/../../lib\libm-elf.a(subdf3.eo)
                  0x00182e                  ___subdf3
 .libm.umodsi3    0x001832          0x6 c:/program files (x86)/microchip/xc16/v1.26/bin/bin/../../lib\libm-elf.a(umodsi3.eo)
                  0x001832                  ___umodsi3
 .libm.mulsi3     0x001838          0xc c:/program files (x86)/microchip/xc16/v1.26/bin/bin/../../lib\libm-elf.a(mulsi3.eo)
                  0x001838                  ___mulp32peds3
                  0x001838                  ___mulsi3
                  0x001838                  ___mulp32eds3
 .libm.__PplusBdi
                  0x001844         0x26 c:/program files (x86)/microchip/xc16/v1.26/bin/bin/../../lib\libm-elf.a(divmoddi3.eo)
 .libm.__PminusBdi
                  0x00186a         0x26 c:/program files (x86)/microchip/xc16/v1.26/bin/bin/../../lib\libm-elf.a(divmoddi3.eo)
 .libm.__udivmoddi3
                  0x001890         0xe6 c:/program files (x86)/microchip/xc16/v1.26/bin/bin/../../lib\libm-elf.a(divmoddi3.eo)
                  0x001890                  ___udivmoddi3
 .libm.__udivdi3
                  0x001976          0xe c:/program files (x86)/microchip/xc16/v1.26/bin/bin/../../lib\libm-elf.a(divmoddi3.eo)
                  0x001976                  ___udivdi3
 .libm.__umoddi3
                  0x001984          0x8 c:/program files (x86)/microchip/xc16/v1.26/bin/bin/../../lib\libm-elf.a(divmoddi3.eo)
                  0x001984                  ___umoddi3
 .libm.__divdi3
                  0x00198c         0x60 c:/program files (x86)/microchip/xc16/v1.26/bin/bin/../../lib\libm-elf.a(divmoddi3.eo)
                  0x00198c                  ___divdi3
 .libm.__moddi3
                  0x0019ec         0x5c c:/program files (x86)/microchip/xc16/v1.26/bin/bin/../../lib\libm-elf.a(divmoddi3.eo)
                  0x0019ec                  ___moddi3
 .libm.adddf3     0x001a48         0xfa c:/program files (x86)/microchip/xc16/v1.26/bin/bin/../../lib\libm-elf.a(adddf3.eo)
                  0x001a48                  ___adddf3
 .libm.dcompare
                  0x001b42         0x52 c:/program files (x86)/microchip/xc16/v1.26/bin/bin/../../lib\libm-elf.a(dcompare.eo)
                  0x001b42                  __dcompare
 .libm.dPropagateNaN
                  0x001b94         0x1c c:/program files (x86)/microchip/xc16/v1.26/bin/bin/../../lib\libm-elf.a(dpropagateNaN.eo)
                  0x001b94                  __dPropagateNaN
 .libm.dtype      0x001bb0         0x24 c:/program files (x86)/microchip/xc16/v1.26/bin/bin/../../lib\libm-elf.a(dtype.eo)
                  0x001bb0                  __dtype
 .libm.dunpack    0x001bd4         0x4e c:/program files (x86)/microchip/xc16/v1.26/bin/bin/../../lib\libm-elf.a(dunpack.eo)
                  0x001bd4                  __dunpack
 .libm.floatdidf
                  0x001c22         0x20 c:/program files (x86)/microchip/xc16/v1.26/bin/bin/../../lib\libm-elf.a(floatdidf.eo)
                  0x001c22                  ___floatdidf
 .libm.floatundidf
                  0x001c42         0x56 c:/program files (x86)/microchip/xc16/v1.26/bin/bin/../../lib\libm-elf.a(floatundidf.eo)
                  0x001c42                  ___floatundidf

usercode
 *(usercode)

__FBS             0xf80000          0x2
 *(__FBS.sec*)
 __FBS.sec        0xf80000          0x2 FBS
                  0xf80000                  __FBS.sec

__FGS             0xf80004          0x2
 *(__FGS.sec*)
 __FGS.sec        0xf80004          0x2 FGS
                  0xf80004                  __FGS.sec

__FOSCSEL
 *(__FOSCSEL.sec*)

__FOSC
 *(__FOSC.sec*)

__FWDT
 *(__FWDT.sec*)

__FPOR
 *(__FPOR.sec*)

__FICD
 *(__FICD.sec*)

__FDS
 *(__FDS.sec*)

.comment
 *(.comment)

.debug_info       0x000000       0x2418
 *(.debug_info)
 .debug_info      0x000000        0x327 build/default/production/main.o
 .debug_info      0x000327        0xa52 build/default/production/UART.o
 .debug_info      0x000d79        0x214 build/default/production/GPS.o
 .debug_info      0x000f8d        0x40d build/default/production/UVsensor.o
 .debug_info      0x00139a        0xeca build/default/production/TPsensor.o
 .debug_info      0x002264        0x1b4 build/default/production/PiComm.o
 *(.gnu.linkonce.wi.*)

.debug_abbrev     0x000000        0x574
 *(.debug_abbrev)
 .debug_abbrev    0x000000         0xa2 build/default/production/main.o
 .debug_abbrev    0x0000a2        0x10f build/default/production/UART.o
 .debug_abbrev    0x0001b1         0x99 build/default/production/GPS.o
 .debug_abbrev    0x00024a         0xf6 build/default/production/UVsensor.o
 .debug_abbrev    0x000340        0x1ae build/default/production/TPsensor.o
 .debug_abbrev    0x0004ee         0x86 build/default/production/PiComm.o

.debug_line       0x000000        0x45e
 *(.debug_line)
 .debug_line      0x000000         0xd2 build/default/production/main.o
 .debug_line      0x0000d2         0xb9 build/default/production/UART.o
 .debug_line      0x00018b         0x4d build/default/production/GPS.o
 .debug_line      0x0001d8         0xa5 build/default/production/UVsensor.o
 .debug_line      0x00027d        0x1a1 build/default/production/TPsensor.o
 .debug_line      0x00041e         0x40 build/default/production/PiComm.o

.debug_frame      0x000000        0x4b0
 *(.debug_frame)
 .debug_frame     0x000000         0x4c build/default/production/main.o
 .debug_frame     0x00004c         0xd8 build/default/production/UART.o
 .debug_frame     0x000124         0x6e build/default/production/GPS.o
 .debug_frame     0x000192         0x52 build/default/production/UVsensor.o
 .debug_frame     0x0001e4        0x280 build/default/production/TPsensor.o
 .debug_frame     0x000464         0x4c build/default/production/PiComm.o

.debug_str        0x000000         0x8b
 *(.debug_str)
 .debug_str       0x000000         0x4e build/default/production/UART.o
 .debug_str       0x00004e         0x15 build/default/production/UVsensor.o
 .debug_str       0x000063         0x28 build/default/production/TPsensor.o

.debug_loc
 *(.debug_loc)

.debug_macinfo
 *(.debug_macinfo)

.debug_pubnames
                  0x000000        0x290
 *(.debug_pubnames)
 .debug_pubnames
                  0x000000         0x28 build/default/production/main.o
 .debug_pubnames
                  0x000028         0x86 build/default/production/UART.o
 .debug_pubnames
                  0x0000ae         0x42 build/default/production/GPS.o
 .debug_pubnames
                  0x0000f0         0x2d build/default/production/UVsensor.o
 .debug_pubnames
                  0x00011d        0x13e build/default/production/TPsensor.o
 .debug_pubnames
                  0x00025b         0x35 build/default/production/PiComm.o

.debug_ranges
 *(.debug_ranges)

.debug_aranges    0x000000         0x90
 *(.debug_aranges)
 .debug_aranges
                  0x000000         0x18 build/default/production/main.o
 .debug_aranges
                  0x000018         0x18 build/default/production/UART.o
 .debug_aranges
                  0x000030         0x18 build/default/production/GPS.o
 .debug_aranges
                  0x000048         0x18 build/default/production/UVsensor.o
 .debug_aranges
                  0x000060         0x18 build/default/production/TPsensor.o
 .debug_aranges
                  0x000078         0x18 build/default/production/PiComm.o
                    0x0000                  WREG0 = 0x0
                    0x0000                  _WREG0 = 0x0
                    0x0002                  WREG1 = 0x2
                    0x0002                  _WREG1 = 0x2
                    0x0004                  WREG2 = 0x4
                    0x0004                  _WREG2 = 0x4
                    0x0006                  WREG3 = 0x6
                    0x0006                  _WREG3 = 0x6
                    0x0008                  WREG4 = 0x8
                    0x0008                  _WREG4 = 0x8
                    0x000a                  WREG5 = 0xa
                    0x000a                  _WREG5 = 0xa
                    0x000c                  WREG6 = 0xc
                    0x000c                  _WREG6 = 0xc
                    0x000e                  WREG7 = 0xe
                    0x000e                  _WREG7 = 0xe
                    0x0010                  WREG8 = 0x10
                    0x0010                  _WREG8 = 0x10
                    0x0012                  WREG9 = 0x12
                    0x0012                  _WREG9 = 0x12
                    0x0014                  WREG10 = 0x14
                    0x0014                  _WREG10 = 0x14
                    0x0016                  WREG11 = 0x16
                    0x0016                  _WREG11 = 0x16
                    0x0018                  WREG12 = 0x18
                    0x0018                  _WREG12 = 0x18
                    0x001a                  WREG13 = 0x1a
                    0x001a                  _WREG13 = 0x1a
                    0x001c                  WREG14 = 0x1c
                    0x001c                  _WREG14 = 0x1c
                    0x001e                  WREG15 = 0x1e
                    0x001e                  _WREG15 = 0x1e
                    0x0020                  SPLIM = 0x20
                    0x0020                  _SPLIM = 0x20
                    0x002e                  PCL = 0x2e
                    0x002e                  _PCL = 0x2e
                    0x0030                  PCH = 0x30
                    0x0030                  _PCH = 0x30
                    0x0032                  TBLPAG = 0x32
                    0x0032                  _TBLPAG = 0x32
                    0x0034                  PSVPAG = 0x34
                    0x0034                  _PSVPAG = 0x34
                    0x0036                  RCOUNT = 0x36
                    0x0036                  _RCOUNT = 0x36
                    0x0042                  SR = 0x42
                    0x0042                  _SR = 0x42
                    0x0042                  _SRbits = 0x42
                    0x0044                  CORCON = 0x44
                    0x0044                  _CORCON = 0x44
                    0x0044                  _CORCONbits = 0x44
                    0x0052                  DISICNT = 0x52
                    0x0052                  _DISICNT = 0x52
                    0x0060                  CNEN1 = 0x60
                    0x0060                  _CNEN1 = 0x60
                    0x0060                  _CNEN1bits = 0x60
                    0x0062                  CNEN2 = 0x62
                    0x0062                  _CNEN2 = 0x62
                    0x0062                  _CNEN2bits = 0x62
                    0x0068                  CNPU1 = 0x68
                    0x0068                  _CNPU1 = 0x68
                    0x0068                  _CNPU1bits = 0x68
                    0x006a                  CNPU2 = 0x6a
                    0x006a                  _CNPU2 = 0x6a
                    0x006a                  _CNPU2bits = 0x6a
                    0x0070                  CNPD1 = 0x70
                    0x0070                  _CNPD1 = 0x70
                    0x0070                  _CNPD1bits = 0x70
                    0x0072                  CNPD2 = 0x72
                    0x0072                  _CNPD2 = 0x72
                    0x0072                  _CNPD2bits = 0x72
                    0x0080                  INTCON1 = 0x80
                    0x0080                  _INTCON1 = 0x80
                    0x0080                  _INTCON1bits = 0x80
                    0x0082                  INTCON2 = 0x82
                    0x0082                  _INTCON2 = 0x82
                    0x0082                  _INTCON2bits = 0x82
                    0x0084                  IFS0 = 0x84
                    0x0084                  _IFS0 = 0x84
                    0x0084                  _IFS0bits = 0x84
                    0x0086                  IFS1 = 0x86
                    0x0086                  _IFS1 = 0x86
                    0x0086                  _IFS1bits = 0x86
                    0x008a                  IFS3 = 0x8a
                    0x008a                  _IFS3 = 0x8a
                    0x008a                  _IFS3bits = 0x8a
                    0x008c                  IFS4 = 0x8c
                    0x008c                  _IFS4 = 0x8c
                    0x008c                  _IFS4bits = 0x8c
                    0x0094                  IEC0 = 0x94
                    0x0094                  _IEC0 = 0x94
                    0x0094                  _IEC0bits = 0x94
                    0x0096                  IEC1 = 0x96
                    0x0096                  _IEC1 = 0x96
                    0x0096                  _IEC1bits = 0x96
                    0x009a                  IEC3 = 0x9a
                    0x009a                  _IEC3 = 0x9a
                    0x009a                  _IEC3bits = 0x9a
                    0x009c                  IEC4 = 0x9c
                    0x009c                  _IEC4 = 0x9c
                    0x009c                  _IEC4bits = 0x9c
                    0x00a4                  IPC0 = 0xa4
                    0x00a4                  _IPC0 = 0xa4
                    0x00a4                  _IPC0bits = 0xa4
                    0x00a6                  IPC1 = 0xa6
                    0x00a6                  _IPC1 = 0xa6
                    0x00a6                  _IPC1bits = 0xa6
                    0x00a8                  IPC2 = 0xa8
                    0x00a8                  _IPC2 = 0xa8
                    0x00a8                  _IPC2bits = 0xa8
                    0x00aa                  IPC3 = 0xaa
                    0x00aa                  _IPC3 = 0xaa
                    0x00aa                  _IPC3bits = 0xaa
                    0x00ac                  IPC4 = 0xac
                    0x00ac                  _IPC4 = 0xac
                    0x00ac                  _IPC4bits = 0xac
                    0x00ae                  IPC5 = 0xae
                    0x00ae                  _IPC5 = 0xae
                    0x00ae                  _IPC5bits = 0xae
                    0x00b2                  IPC7 = 0xb2
                    0x00b2                  _IPC7 = 0xb2
                    0x00b2                  _IPC7bits = 0xb2
                    0x00c2                  IPC15 = 0xc2
                    0x00c2                  _IPC15 = 0xc2
                    0x00c2                  _IPC15bits = 0xc2
                    0x00c4                  IPC16 = 0xc4
                    0x00c4                  _IPC16 = 0xc4
                    0x00c4                  _IPC16bits = 0xc4
                    0x00c8                  IPC18 = 0xc8
                    0x00c8                  _IPC18 = 0xc8
                    0x00c8                  _IPC18bits = 0xc8
                    0x00ca                  IPC19 = 0xca
                    0x00ca                  _IPC19 = 0xca
                    0x00ca                  _IPC19bits = 0xca
                    0x00e0                  INTTREG = 0xe0
                    0x00e0                  _INTTREG = 0xe0
                    0x00e0                  _INTTREGbits = 0xe0
                    0x0100                  TMR1 = 0x100
                    0x0100                  _TMR1 = 0x100
                    0x0102                  PR1 = 0x102
                    0x0102                  _PR1 = 0x102
                    0x0104                  T1CON = 0x104
                    0x0104                  _T1CON = 0x104
                    0x0104                  _T1CONbits = 0x104
                    0x0106                  TMR2 = 0x106
                    0x0106                  _TMR2 = 0x106
                    0x0108                  TMR3HLD = 0x108
                    0x0108                  _TMR3HLD = 0x108
                    0x010a                  TMR3 = 0x10a
                    0x010a                  _TMR3 = 0x10a
                    0x010c                  PR2 = 0x10c
                    0x010c                  _PR2 = 0x10c
                    0x010e                  PR3 = 0x10e
                    0x010e                  _PR3 = 0x10e
                    0x0110                  T2CON = 0x110
                    0x0110                  _T2CON = 0x110
                    0x0110                  _T2CONbits = 0x110
                    0x0112                  T3CON = 0x112
                    0x0112                  _T3CON = 0x112
                    0x0112                  _T3CONbits = 0x112
                    0x0140                  IC1BUF = 0x140
                    0x0140                  _IC1BUF = 0x140
                    0x0142                  IC1CON = 0x142
                    0x0142                  _IC1CON = 0x142
                    0x0142                  _IC1CONbits = 0x142
                    0x0180                  OC1RS = 0x180
                    0x0180                  _OC1RS = 0x180
                    0x0182                  OC1R = 0x182
                    0x0182                  _OC1R = 0x182
                    0x0184                  OC1CON = 0x184
                    0x0184                  _OC1CON = 0x184
                    0x0184                  _OC1CONbits = 0x184
                    0x0200                  I2C1RCV = 0x200
                    0x0200                  _I2C1RCV = 0x200
                    0x0202                  I2C1TRN = 0x202
                    0x0202                  _I2C1TRN = 0x202
                    0x0204                  I2C1BRG = 0x204
                    0x0204                  _I2C1BRG = 0x204
                    0x0206                  I2C1CON = 0x206
                    0x0206                  _I2C1CON = 0x206
                    0x0206                  _I2C1CONbits = 0x206
                    0x0208                  I2C1STAT = 0x208
                    0x0208                  _I2C1STAT = 0x208
                    0x0208                  _I2C1STATbits = 0x208
                    0x020a                  I2C1ADD = 0x20a
                    0x020a                  _I2C1ADD = 0x20a
                    0x020c                  I2C1MSK = 0x20c
                    0x020c                  _I2C1MSK = 0x20c
                    0x020c                  _I2C1MSKbits = 0x20c
                    0x0220                  U1MODE = 0x220
                    0x0220                  _U1MODE = 0x220
                    0x0220                  _U1MODEbits = 0x220
                    0x0222                  U1STA = 0x222
                    0x0222                  _U1STA = 0x222
                    0x0222                  _U1STAbits = 0x222
                    0x0224                  U1TXREG = 0x224
                    0x0224                  _U1TXREG = 0x224
                    0x0226                  U1RXREG = 0x226
                    0x0226                  _U1RXREG = 0x226
                    0x0228                  U1BRG = 0x228
                    0x0228                  _U1BRG = 0x228
                    0x0230                  U2MODE = 0x230
                    0x0230                  _U2MODE = 0x230
                    0x0230                  _U2MODEbits = 0x230
                    0x0232                  U2STA = 0x232
                    0x0232                  _U2STA = 0x232
                    0x0232                  _U2STAbits = 0x232
                    0x0234                  U2TXREG = 0x234
                    0x0234                  _U2TXREG = 0x234
                    0x0236                  U2RXREG = 0x236
                    0x0236                  _U2RXREG = 0x236
                    0x0238                  U2BRG = 0x238
                    0x0238                  _U2BRG = 0x238
                    0x0240                  SPI1STAT = 0x240
                    0x0240                  _SPI1STAT = 0x240
                    0x0240                  _SPI1STATbits = 0x240
                    0x0242                  SPI1CON1 = 0x242
                    0x0242                  _SPI1CON1 = 0x242
                    0x0242                  _SPI1CON1bits = 0x242
                    0x0244                  SPI1CON2 = 0x244
                    0x0244                  _SPI1CON2 = 0x244
                    0x0244                  _SPI1CON2bits = 0x244
                    0x0248                  SPI1BUF = 0x248
                    0x0248                  _SPI1BUF = 0x248
                    0x02c0                  TRISA = 0x2c0
                    0x02c0                  _TRISA = 0x2c0
                    0x02c0                  _TRISAbits = 0x2c0
                    0x02c2                  PORTA = 0x2c2
                    0x02c2                  _PORTA = 0x2c2
                    0x02c2                  _PORTAbits = 0x2c2
                    0x02c4                  LATA = 0x2c4
                    0x02c4                  _LATA = 0x2c4
                    0x02c4                  _LATAbits = 0x2c4
                    0x02c6                  ODCA = 0x2c6
                    0x02c6                  _ODCA = 0x2c6
                    0x02c6                  _ODCAbits = 0x2c6
                    0x02c8                  TRISB = 0x2c8
                    0x02c8                  _TRISB = 0x2c8
                    0x02c8                  _TRISBbits = 0x2c8
                    0x02ca                  PORTB = 0x2ca
                    0x02ca                  _PORTB = 0x2ca
                    0x02ca                  _PORTBbits = 0x2ca
                    0x02cc                  LATB = 0x2cc
                    0x02cc                  _LATB = 0x2cc
                    0x02cc                  _LATBbits = 0x2cc
                    0x02ce                  ODCB = 0x2ce
                    0x02ce                  _ODCB = 0x2ce
                    0x02ce                  _ODCBbits = 0x2ce
                    0x02fc                  PADCFG1 = 0x2fc
                    0x02fc                  _PADCFG1 = 0x2fc
                    0x02fc                  _PADCFG1bits = 0x2fc
                    0x0300                  ADC1BUF0 = 0x300
                    0x0300                  _ADC1BUF0 = 0x300
                    0x0302                  ADC1BUF1 = 0x302
                    0x0302                  _ADC1BUF1 = 0x302
                    0x0304                  ADC1BUF2 = 0x304
                    0x0304                  _ADC1BUF2 = 0x304
                    0x0306                  ADC1BUF3 = 0x306
                    0x0306                  _ADC1BUF3 = 0x306
                    0x0308                  ADC1BUF4 = 0x308
                    0x0308                  _ADC1BUF4 = 0x308
                    0x030a                  ADC1BUF5 = 0x30a
                    0x030a                  _ADC1BUF5 = 0x30a
                    0x030c                  ADC1BUF6 = 0x30c
                    0x030c                  _ADC1BUF6 = 0x30c
                    0x030e                  ADC1BUF7 = 0x30e
                    0x030e                  _ADC1BUF7 = 0x30e
                    0x0310                  ADC1BUF8 = 0x310
                    0x0310                  _ADC1BUF8 = 0x310
                    0x0312                  ADC1BUF9 = 0x312
                    0x0312                  _ADC1BUF9 = 0x312
                    0x0314                  ADC1BUFA = 0x314
                    0x0314                  _ADC1BUFA = 0x314
                    0x0316                  ADC1BUFB = 0x316
                    0x0316                  _ADC1BUFB = 0x316
                    0x0318                  ADC1BUFC = 0x318
                    0x0318                  _ADC1BUFC = 0x318
                    0x031a                  ADC1BUFD = 0x31a
                    0x031a                  _ADC1BUFD = 0x31a
                    0x031c                  ADC1BUFE = 0x31c
                    0x031c                  _ADC1BUFE = 0x31c
                    0x031e                  ADC1BUFF = 0x31e
                    0x031e                  _ADC1BUFF = 0x31e
                    0x0320                  AD1CON1 = 0x320
                    0x0320                  _AD1CON1 = 0x320
                    0x0320                  _AD1CON1bits = 0x320
                    0x0322                  AD1CON2 = 0x322
                    0x0322                  _AD1CON2 = 0x322
                    0x0322                  _AD1CON2bits = 0x322
                    0x0324                  AD1CON3 = 0x324
                    0x0324                  _AD1CON3 = 0x324
                    0x0324                  _AD1CON3bits = 0x324
                    0x0328                  AD1CHS = 0x328
                    0x0328                  _AD1CHS = 0x328
                    0x0328                  _AD1CHSbits = 0x328
                    0x032c                  AD1PCFG = 0x32c
                    0x032c                  _AD1PCFG = 0x32c
                    0x032c                  _AD1PCFGbits = 0x32c
                    0x0330                  AD1CSSL = 0x330
                    0x0330                  _AD1CSSL = 0x330
                    0x0330                  _AD1CSSLbits = 0x330
                    0x033c                  CTMUCON = 0x33c
                    0x033c                  _CTMUCON = 0x33c
                    0x033c                  _CTMUCONbits = 0x33c
                    0x033e                  CTMUICON = 0x33e
                    0x033e                  _CTMUICON = 0x33e
                    0x033e                  _CTMUICONbits = 0x33e
                    0x0620                  ALRMVAL = 0x620
                    0x0620                  _ALRMVAL = 0x620
                    0x0622                  ALCFGRPT = 0x622
                    0x0622                  _ALCFGRPT = 0x622
                    0x0622                  _ALCFGRPTbits = 0x622
                    0x0624                  RTCVAL = 0x624
                    0x0624                  _RTCVAL = 0x624
                    0x0626                  RCFGCAL = 0x626
                    0x0626                  _RCFGCAL = 0x626
                    0x0626                  _RCFGCALbits = 0x626
                    0x0630                  CMSTAT = 0x630
                    0x0630                  _CMSTAT = 0x630
                    0x0630                  _CMSTATbits = 0x630
                    0x0632                  CVRCON = 0x632
                    0x0632                  _CVRCON = 0x632
                    0x0632                  _CVRCONbits = 0x632
                    0x0634                  CM1CON = 0x634
                    0x0634                  _CM1CON = 0x634
                    0x0634                  _CM1CONbits = 0x634
                    0x0636                  CM2CON = 0x636
                    0x0636                  _CM2CON = 0x636
                    0x0636                  _CM2CONbits = 0x636
                    0x0640                  CRCCON = 0x640
                    0x0640                  _CRCCON = 0x640
                    0x0640                  _CRCCONbits = 0x640
                    0x0642                  CRCXOR = 0x642
                    0x0642                  _CRCXOR = 0x642
                    0x0644                  CRCDAT = 0x644
                    0x0644                  _CRCDAT = 0x644
                    0x0646                  CRCWDAT = 0x646
                    0x0646                  _CRCWDAT = 0x646
                    0x0740                  RCON = 0x740
                    0x0740                  _RCON = 0x740
                    0x0740                  _RCONbits = 0x740
                    0x0742                  OSCCON = 0x742
                    0x0742                  _OSCCON = 0x742
                    0x0742                  _OSCCONbits = 0x742
                    0x0742                  OSCCONL = 0x742
                    0x0742                  _OSCCONL = 0x742
                    0x0743                  OSCCONH = 0x743
                    0x0743                  _OSCCONH = 0x743
                    0x0744                  CLKDIV = 0x744
                    0x0744                  _CLKDIV = 0x744
                    0x0744                  _CLKDIVbits = 0x744
                    0x0748                  OSCTUN = 0x748
                    0x0748                  _OSCTUN = 0x748
                    0x0748                  _OSCTUNbits = 0x748
                    0x074e                  REFOCON = 0x74e
                    0x074e                  _REFOCON = 0x74e
                    0x074e                  _REFOCONbits = 0x74e
                    0x0756                  HLVDCON = 0x756
                    0x0756                  _HLVDCON = 0x756
                    0x0756                  _HLVDCONbits = 0x756
                    0x0758                  DSCON = 0x758
                    0x0758                  _DSCON = 0x758
                    0x0758                  _DSCONbits = 0x758
                    0x075a                  DSWAKE = 0x75a
                    0x075a                  _DSWAKE = 0x75a
                    0x075a                  _DSWAKEbits = 0x75a
                    0x075a                  DSWSRC = 0x75a
                    0x075a                  _DSWSRC = 0x75a
                    0x075a                  _DSWSRCbits = 0x75a
                    0x075c                  DSGPR0 = 0x75c
                    0x075c                  _DSGPR0 = 0x75c
                    0x075e                  DSGPR1 = 0x75e
                    0x075e                  _DSGPR1 = 0x75e
                    0x0760                  NVMCON = 0x760
                    0x0760                  _NVMCON = 0x760
                    0x0760                  _NVMCONbits = 0x760
                    0x0766                  NVMKEY = 0x766
                    0x0766                  _NVMKEY = 0x766
                    0x0766                  _NVMKEYbits = 0x766
                    0x0770                  PMD1 = 0x770
                    0x0770                  _PMD1 = 0x770
                    0x0770                  _PMD1bits = 0x770
                    0x0772                  PMD2 = 0x772
                    0x0772                  _PMD2 = 0x772
                    0x0772                  _PMD2bits = 0x772
                    0x0774                  PMD3 = 0x774
                    0x0774                  _PMD3 = 0x774
                    0x0774                  _PMD3bits = 0x774
                    0x0776                  PMD4 = 0x776
                    0x0776                  _PMD4 = 0x776
                    0x0776                  _PMD4bits = 0x776
                    0x0140                  IC1 = 0x140
                    0x0140                  _IC1 = 0x140
                    0x0180                  OC1 = 0x180
                    0x0180                  _OC1 = 0x180
                    0x0240                  SPI1 = 0x240
                    0x0240                  _SPI1 = 0x240
                    0x0220                  UART1 = 0x220
                    0x0220                  _UART1 = 0x220
                    0x0230                  UART2 = 0x230
                    0x0230                  _UART2 = 0x230
START GROUP
LOAD c:/program files (x86)/microchip/xc16/v1.26/bin/bin/../../lib\liblega-pic30-elf.a
LOAD c:/program files (x86)/microchip/xc16/v1.26/bin/bin/../../lib\libm-elf.a
LOAD c:/program files (x86)/microchip/xc16/v1.26/bin/bin/../../lib\liblega-c-elf.a
END GROUP
OUTPUT(dist/default/production/DamCommPIC.X.production.elf elf32-pic30)
LOAD FGS
LOAD FBS
LOAD jump_table
LOAD default_isr
LOAD data_init
LOAD shared_data_init

.debug_pubtypes
                  0x000090        0x192
 .debug_pubtypes
                  0x000090         0x21 build/default/production/main.o
 .debug_pubtypes
                  0x0000b1         0x92 build/default/production/UART.o
 .debug_pubtypes
                  0x000143         0x12 build/default/production/GPS.o
 .debug_pubtypes
                  0x000155         0x35 build/default/production/UVsensor.o
 .debug_pubtypes
                  0x00018a         0x86 build/default/production/TPsensor.o
 .debug_pubtypes
                  0x000210         0x12 build/default/production/PiComm.o

__c30_signature
                  0x000222        0x17a
 __c30_signature
                  0x000222          0x6 build/default/production/main.o
 __c30_signature
                  0x000228          0x6 build/default/production/UART.o
 __c30_signature
                  0x00022e          0x6 build/default/production/GPS.o
 __c30_signature
                  0x000234          0x6 build/default/production/UVsensor.o
 __c30_signature
                  0x00023a          0x6 build/default/production/TPsensor.o
 __c30_signature
                  0x000240          0x6 build/default/production/PiComm.o
 __c30_signature
                  0x000246          0x6 c:/program files (x86)/microchip/xc16/v1.26/bin/bin/../../lib\liblega-pic30-elf.a(crt0_standard.o)
 __c30_signature
                  0x00024c          0x6 c:/program files (x86)/microchip/xc16/v1.26/bin/bin/../../lib\liblega-pic30-elf.a(data_init_standard.o)
 __c30_signature
                  0x000252          0x6 c:/program files (x86)/microchip/xc16/v1.26/bin/bin/../../lib\liblega-pic30-elf.a(delay32.Leo)
 __c30_signature
                  0x000258          0x6 c:/program files (x86)/microchip/xc16/v1.26/bin/bin/../../lib\libm-elf.a(addsf3.eo)
 __c30_signature
                  0x00025e          0x6 c:/program files (x86)/microchip/xc16/v1.26/bin/bin/../../lib\libm-elf.a(divsf3.eo)
 __c30_signature
                  0x000264          0x6 c:/program files (x86)/microchip/xc16/v1.26/bin/bin/../../lib\libm-elf.a(divsi3.eo)
 __c30_signature
                  0x00026a          0x6 c:/program files (x86)/microchip/xc16/v1.26/bin/bin/../../lib\libm-elf.a(fixunssfsi.eo)
 __c30_signature
                  0x000270          0x6 c:/program files (x86)/microchip/xc16/v1.26/bin/bin/../../lib\libm-elf.a(floatsisf.eo)
 __c30_signature
                  0x000276          0x6 c:/program files (x86)/microchip/xc16/v1.26/bin/bin/../../lib\libm-elf.a(floatunsisf.eo)
 __c30_signature
                  0x00027c          0x6 c:/program files (x86)/microchip/xc16/v1.26/bin/bin/../../lib\libm-elf.a(fpack.eo)
 __c30_signature
                  0x000282          0x6 c:/program files (x86)/microchip/xc16/v1.26/bin/bin/../../lib\libm-elf.a(funpack.eo)
 __c30_signature
                  0x000288          0x6 c:/program files (x86)/microchip/xc16/v1.26/bin/bin/../../lib\libm-elf.a(funpack2.eo)
 __c30_signature
                  0x00028e          0x6 c:/program files (x86)/microchip/xc16/v1.26/bin/bin/../../lib\libm-elf.a(futil.eo)
 __c30_signature
                  0x000294          0x6 c:/program files (x86)/microchip/xc16/v1.26/bin/bin/../../lib\libm-elf.a(mulsf3.eo)
 __c30_signature
                  0x00029a          0x6 c:/program files (x86)/microchip/xc16/v1.26/bin/bin/../../lib\libm-elf.a(udivsi3.eo)
 __c30_signature
                  0x0002a0          0x6 c:/program files (x86)/microchip/xc16/v1.26/bin/bin/../../lib\libm-elf.a(floatdisf.eo)
 __c30_signature
                  0x0002a6          0x6 c:/program files (x86)/microchip/xc16/v1.26/bin/bin/../../lib\libm-elf.a(floatundisf.eo)
 __c30_signature
                  0x0002ac          0x6 c:/program files (x86)/microchip/xc16/v1.26/bin/bin/../../lib\liblega-c-elf.a(xstoul.XXeo)
 __c30_signature
                  0x0002b2          0x6 c:/program files (x86)/microchip/xc16/v1.26/bin/bin/../../lib\liblega-c-elf.a(isspace.XXelso)
 __c30_signature
                  0x0002b8          0x6 c:/program files (x86)/microchip/xc16/v1.26/bin/bin/../../lib\liblega-c-elf.a(tolower.XXelso)
 __c30_signature
                  0x0002be          0x6 c:/program files (x86)/microchip/xc16/v1.26/bin/bin/../../lib\liblega-c-elf.a(errno.XXelo)
 __c30_signature
                  0x0002c4          0x6 c:/program files (x86)/microchip/xc16/v1.26/bin/bin/../../lib\liblega-c-elf.a(sprintf_cdfFnopsuxX.XXeo)
 __c30_signature
                  0x0002ca          0x6 c:/program files (x86)/microchip/xc16/v1.26/bin/bin/../../lib\liblega-c-elf.a(xprintf_cdfFnopsuxX.XXeo)
 __c30_signature
                  0x0002d0          0x6 c:/program files (x86)/microchip/xc16/v1.26/bin/bin/../../lib\liblega-c-elf.a(xputfld_cdfFnopsuxX.XXeo)
 __c30_signature
                  0x0002d6          0x6 c:/program files (x86)/microchip/xc16/v1.26/bin/bin/../../lib\liblega-c-elf.a(xldtob_cdfFnopsuxX.XXeo)
 __c30_signature
                  0x0002dc          0x6 c:/program files (x86)/microchip/xc16/v1.26/bin/bin/../../lib\liblega-c-elf.a(xgenld_cdfFnopsuxX.XXeo)
 __c30_signature
                  0x0002e2          0x6 c:/program files (x86)/microchip/xc16/v1.26/bin/bin/../../lib\liblega-c-elf.a(div.XXeo)
 __c30_signature
                  0x0002e8          0x6 c:/program files (x86)/microchip/xc16/v1.26/bin/bin/../../lib\liblega-c-elf.a(ldiv.XXeo)
 __c30_signature
                  0x0002ee          0x6 c:/program files (x86)/microchip/xc16/v1.26/bin/bin/../../lib\liblega-c-elf.a(memchr.XXeo)
 __c30_signature
                  0x0002f4          0x6 c:/program files (x86)/microchip/xc16/v1.26/bin/bin/../../lib\liblega-c-elf.a(memcpy.XXeo)
 __c30_signature
                  0x0002fa          0x6 c:/program files (x86)/microchip/xc16/v1.26/bin/bin/../../lib\liblega-c-elf.a(strchr.XXeo)
 __c30_signature
                  0x000300          0x6 c:/program files (x86)/microchip/xc16/v1.26/bin/bin/../../lib\liblega-c-elf.a(strlen.XXeo)
 __c30_signature
                  0x000306          0x6 c:/program files (x86)/microchip/xc16/v1.26/bin/bin/../../lib\liblega-c-elf.a(xldunsca.XXeo)
 __c30_signature
                  0x00030c          0x6 c:/program files (x86)/microchip/xc16/v1.26/bin/bin/../../lib\liblega-c-elf.a(xlitob.XXeo)
 __c30_signature
                  0x000312          0x6 c:/program files (x86)/microchip/xc16/v1.26/bin/bin/../../lib\liblega-c-elf.a(xputtxt.XXeo)
 __c30_signature
                  0x000318          0x6 c:/program files (x86)/microchip/xc16/v1.26/bin/bin/../../lib\liblega-c-elf.a(xvacopy.XXeo)
 __c30_signature
                  0x00031e          0x6 c:/program files (x86)/microchip/xc16/v1.26/bin/bin/../../lib\liblega-c-elf.a(xdnorm.XXelo)
 __c30_signature
                  0x000324          0x6 c:/program files (x86)/microchip/xc16/v1.26/bin/bin/../../lib\libm-elf.a(deqltle.eo)
 __c30_signature
                  0x00032a          0x6 c:/program files (x86)/microchip/xc16/v1.26/bin/bin/../../lib\libm-elf.a(dgtge.eo)
 __c30_signature
                  0x000330          0x6 c:/program files (x86)/microchip/xc16/v1.26/bin/bin/../../lib\libm-elf.a(divdf3.eo)
 __c30_signature
                  0x000336          0x6 c:/program files (x86)/microchip/xc16/v1.26/bin/bin/../../lib\libm-elf.a(dpack.eo)
 __c30_signature
                  0x00033c          0x6 c:/program files (x86)/microchip/xc16/v1.26/bin/bin/../../lib\libm-elf.a(dunpack2.eo)
 __c30_signature
                  0x000342          0x6 c:/program files (x86)/microchip/xc16/v1.26/bin/bin/../../lib\libm-elf.a(extendsfdf.eo)
 __c30_signature
                  0x000348          0x6 c:/program files (x86)/microchip/xc16/v1.26/bin/bin/../../lib\libm-elf.a(fixdfsi.eo)
 __c30_signature
                  0x00034e          0x6 c:/program files (x86)/microchip/xc16/v1.26/bin/bin/../../lib\libm-elf.a(floatsidf.eo)
 __c30_signature
                  0x000354          0x6 c:/program files (x86)/microchip/xc16/v1.26/bin/bin/../../lib\libm-elf.a(muldf3.eo)
 __c30_signature
                  0x00035a          0x6 c:/program files (x86)/microchip/xc16/v1.26/bin/bin/../../lib\libm-elf.a(subdf3.eo)
 __c30_signature
                  0x000360          0x6 c:/program files (x86)/microchip/xc16/v1.26/bin/bin/../../lib\libm-elf.a(umodsi3.eo)
 __c30_signature
                  0x000366          0x6 c:/program files (x86)/microchip/xc16/v1.26/bin/bin/../../lib\libm-elf.a(mulsi3.eo)
 __c30_signature
                  0x00036c          0x6 c:/program files (x86)/microchip/xc16/v1.26/bin/bin/../../lib\libm-elf.a(divmoddi3.eo)
 __c30_signature
                  0x000372          0x6 c:/program files (x86)/microchip/xc16/v1.26/bin/bin/../../lib\libm-elf.a(adddf3.eo)
 __c30_signature
                  0x000378          0x6 c:/program files (x86)/microchip/xc16/v1.26/bin/bin/../../lib\libm-elf.a(dcompare.eo)
 __c30_signature
                  0x00037e          0x6 c:/program files (x86)/microchip/xc16/v1.26/bin/bin/../../lib\libm-elf.a(dpropagateNaN.eo)
 __c30_signature
                  0x000384          0x6 c:/program files (x86)/microchip/xc16/v1.26/bin/bin/../../lib\libm-elf.a(dtype.eo)
 __c30_signature
                  0x00038a          0x6 c:/program files (x86)/microchip/xc16/v1.26/bin/bin/../../lib\libm-elf.a(dunpack.eo)
 __c30_signature
                  0x000390          0x6 c:/program files (x86)/microchip/xc16/v1.26/bin/bin/../../lib\libm-elf.a(floatdidf.eo)
 __c30_signature
                  0x000396          0x6 c:/program files (x86)/microchip/xc16/v1.26/bin/bin/../../lib\libm-elf.a(floatundidf.eo)

.data               0x0800         0xde
 .data              0x0800         0x58 c:/program files (x86)/microchip/xc16/v1.26/bin/bin/../../lib\liblega-c-elf.a(xldtob_cdfFnopsuxX.XXeo)
 .data              0x0858         0x4a c:/program files (x86)/microchip/xc16/v1.26/bin/bin/../../lib\liblega-c-elf.a(xstoul.XXeo)
 .data              0x08a2         0x22 c:/program files (x86)/microchip/xc16/v1.26/bin/bin/../../lib\liblega-c-elf.a(xlitob.XXeo)
 .data              0x08c4         0x1a c:/program files (x86)/microchip/xc16/v1.26/bin/bin/../../lib\liblega-c-elf.a(xprintf_cdfFnopsuxX.XXeo)

.bss                0x08de          0x4
 .bss               0x08de          0x4 c:/program files (x86)/microchip/xc16/v1.26/bin/bin/../../lib\liblega-c-elf.a(errno.XXelo)
                    0x08de                  _errno
                    0x08e0                  __Tls_setup_errno

.data               0x08e2          0x2
 .data              0x08e2          0x2 c:/program files (x86)/microchip/xc16/v1.26/bin/bin/../../lib\liblega-c-elf.a(xgenld_cdfFnopsuxX.XXeo)

.config_DSWDTEN
                  0xf80010          0x2
 .config_DSWDTEN
                  0xf80010          0x2 build/default/production/main.o

.config_BKBUG     0xf8000e          0x2
 .config_BKBUG    0xf8000e          0x2 build/default/production/main.o

.config_MCLRE     0xf8000c          0x2
 .config_MCLRE    0xf8000c          0x2 build/default/production/main.o

.config_FWDTEN    0xf8000a          0x2
 .config_FWDTEN
                  0xf8000a          0x2 build/default/production/main.o

.config_FCKSM     0xf80008          0x2
 .config_FCKSM    0xf80008          0x2 build/default/production/main.o

.config_IESO      0xf80006          0x2
 .config_IESO     0xf80006          0x2 build/default/production/main.o

.const              0x9c98         0xc2 load address 0x001c98  
 .const             0x9c98         0x70 build/default/production/GPS.o
 .const             0x9d08         0x34 build/default/production/main.o
 .const             0x9d3c         0x14 build/default/production/TPsensor.o
 .const             0x9d50          0xa build/default/production/UVsensor.o

.text             0x001d5a        0x94e
 .text            0x001d5a        0x750 build/default/production/TPsensor.o
                  0x001d5a                  _init_I2C
                  0x001d72                  _restart_I2C
                  0x001da0                  _start_I2C
                  0x001dd6                  _reset_I2C
                  0x001e0c                  _sendByte_I2C
                  0x001e6c                  _read_I2C
                  0x001e9a                  _read_ack_I2C
                  0x001ed0                  _poll_I2C
                  0x001eea                  _readSCast
                  0x001f02                  _readCast
                  0x001f14                  _readS16
                  0x001f2a                  _read16
                  0x001f6e                  _getTemp
                  0x001ff4                  _getPressure
                  0x0022d2                  _getUT
                  0x0022f6                  _getUP
                  0x00231a                  _readCoefficients
                  0x00238c                  _readSUP16
                  0x0023a2                  _readUP16
                  0x0023fc                  _getTempString
                  0x00247e                  _getPressString
 .text            0x0024aa        0x12c build/default/production/main.o
                  0x0024aa                  _main
                  0x0025c6                  _init_osc
 .text            0x0025d6         0xd2 build/default/production/UART.o
                  0x0025d6                  _UART1_init
                  0x0025f6                  _UART2_init
                  0x002616                  _UART1_PutChar
                  0x00262e                  _UART2_PutChar
                  0x002646                  _UART1_GetChar
                  0x002668                  _UART2_GetChar
                  0x00268a                  _sendArray

.dinit            0x0026a8         0xc0
 .dinit           0x0026a8         0xc0 data_init

.text             0x002768        0x140
 .text            0x002768         0x8a build/default/production/GPS.o
                  0x002768                  _GPS_init
                  0x002778                  _getGPSsentence
                  0x0027d4                  _sendCommand
 .text            0x0027f2         0x64 build/default/production/UVsensor.o
                  0x0027f2                  _AD_Init
                  0x00280c                  _getUVindex
 .text            0x002856         0x52 build/default/production/PiComm.o
                  0x002856                  _sendPiCommand
                  0x002874                  _getPiCommand

.init.delay32     0x0028a8         0x1c
 .init.delay32    0x0028a8         0x1c c:/program files (x86)/microchip/xc16/v1.26/bin/bin/../../lib\liblega-pic30-elf.a(delay32.Leo)
                  0x0028a8                  ___delay32

.shared.dinit     0x0028c4          0x2
 .shared.dinit    0x0028c4          0x2 shared_data_init
